Archive member included because of file (symbol)

contiki-sky.a(contiki-sky-pla)
                              obj_sky/contiki-sky-main.o (init_platform)
contiki-sky.a(button-sensor.o)
                              contiki-sky.a(contiki-sky-pla) (button_sensor)
contiki-sky.a(ds2411.o)       obj_sky/contiki-sky-main.o (ds2411_init)
contiki-sky.a(xmem.o)         obj_sky/contiki-sky-main.o (xmem_init)
contiki-sky.a(node-id.o)      obj_sky/contiki-sky-main.o (node_id_restore)
contiki-sky.a(sensors.o)      contiki-sky.a(button-sensor.o) (sensors_changed)
contiki-sky.a(cc2420.o)       obj_sky/contiki-sky-main.o (cc2420_set_pan_addr)
contiki-sky.a(cc2420-arch.o)  contiki-sky.a(cc2420.o) (cc2420_arch_init)
contiki-sky.a(uart1.o)        obj_sky/contiki-sky-main.o (uart1_active)
contiki-sky.a(uart1-putchar.o)
                              obj_sky/contiki-sky-main.o (putchar)
contiki-sky.a(msp430.o)       contiki-sky.a(uart1.o) (msp430_add_lpm_req)
contiki-sky.a(clock.o)        obj_sky/contiki-sky-main.o (clock_init)
contiki-sky.a(leds.o)         obj_sky/contiki-sky-main.o (leds_init)
contiki-sky.a(leds-arch.o)    contiki-sky.a(leds.o) (leds_arch_init)
contiki-sky.a(watchdog.o)     obj_sky/contiki-sky-main.o (watchdog_start)
contiki-sky.a(rtimer-arch.o)  obj_sky/contiki-sky-main.o (rtimer_arch_now)
contiki-sky.a(autostart.o)    obj_sky/contiki-sky-main.o (autostart_start)
contiki-sky.a(ctimer.o)       obj_sky/contiki-sky-main.o (ctimer_init)
contiki-sky.a(energest.o)     obj_sky/contiki-sky-main.o (energest_init)
contiki-sky.a(etimer.o)       contiki-sky.a(clock.o) (etimer_request_poll)
contiki-sky.a(process.o)      contiki-sky.a(ctimer.o) (process_current)
contiki-sky.a(rtimer.o)       obj_sky/contiki-sky-main.o (rtimer_init)
contiki-sky.a(timer.o)        obj_sky/contiki-sky-main.o (timer_set)
contiki-sky.a(list.o)         contiki-sky.a(ctimer.o) (list_init)
contiki-sky.a(random.o)       obj_sky/contiki-sky-main.o (random_init)
contiki-sky.a(sicslowpan.o)   obj_sky/contiki-sky-main.o (sicslowpan_driver)
contiki-sky.a(uip6.o)         contiki-sky.a(sicslowpan.o) (uip_aligned_buf)
contiki-sky.a(uip-ds6.o)      contiki-sky.a(uip6.o) (uip_ds6_is_addr_onlink)
contiki-sky.a(uip-ds6-nbr.o)  contiki-sky.a(uip-ds6.o) (uip_ds6_neighbors_init)
contiki-sky.a(uip-ds6-route.o)
                              contiki-sky.a(uip-ds6.o) (uip_ds6_route_init)
contiki-sky.a(uip-icmp6.o)    contiki-sky.a(uip6.o) (uip_icmp6_input)
contiki-sky.a(uip-nd6.o)      contiki-sky.a(uip6.o) (uip_nd6_init)
contiki-sky.a(tcpip.o)        contiki-sky.a(sicslowpan.o) (tcpip_set_outputfunc)
contiki-sky.a(uip-debug.o)    contiki-sky.a(uip-ds6-route.o) (uip_debug_ipaddr_print)
contiki-sky.a(rpl.o)          contiki-sky.a(uip-ds6-nbr.o) (rpl_link_neighbor_callback)
contiki-sky.a(rpl-dag.o)      contiki-sky.a(rpl.o) (rpl_dag_init)
contiki-sky.a(rpl-ext-header.)
                              contiki-sky.a(uip6.o) (rpl_verify_header)
contiki-sky.a(rpl-icmp6.o)    contiki-sky.a(rpl.o) (dao_output_target)
contiki-sky.a(rpl-mrhof.o)    contiki-sky.a(rpl.o) (rpl_mrhof)
contiki-sky.a(rpl-timers.o)   contiki-sky.a(rpl.o) (rpl_reset_periodic_timer)
contiki-sky.a(csma.o)         obj_sky/contiki-sky-main.o (csma_driver)
contiki-sky.a(framer-802154.o)
                              contiki-sky.a(sicslowpan.o) (framer_802154)
contiki-sky.a(framer.o)       contiki-sky.a(framer-802154.o) (framer_canonical_create_and_secure)
contiki-sky.a(mac.o)          contiki-sky.a(csma.o) (mac_call_sent_callback)
contiki-sky.a(linkaddr.o)     obj_sky/contiki-sky-main.o (linkaddr_copy)
contiki-sky.a(nbr-table.o)    contiki-sky.a(uip-ds6-nbr.o) (nbr_table_register)
contiki-sky.a(packetbuf.o)    contiki-sky.a(framer-802154.o) (packetbuf_hdrreduce)
contiki-sky.a(queuebuf.o)     obj_sky/contiki-sky-main.o (queuebuf_init)
contiki-sky.a(contikimac.o)   obj_sky/contiki-sky-main.o (contikimac_driver)
contiki-sky.a(nullsec.o)      obj_sky/contiki-sky-main.o (nullsec_driver)
contiki-sky.a(spi.o)          contiki-sky.a(xmem.o) (spi_init)
contiki-sky.a(compower.o)     contiki-sky.a(contikimac.o) (compower_accumulate)
contiki-sky.a(stimer.o)       contiki-sky.a(uip-ds6.o) (stimer_set)
contiki-sky.a(memb.o)         contiki-sky.a(uip-ds6-route.o) (memb_init)
contiki-sky.a(frame802154.o)  contiki-sky.a(framer-802154.o) (frame802154_hdrlen)
contiki-sky.a(mac-sequence.o)
                              contiki-sky.a(contikimac.o) (mac_sequence_is_duplicate)
/usr/lib/gcc/msp430/4.6.3/mmpy-16/libgcc.a(_mulsi3.o)
                              contiki-sky.a(rpl.o) (__mulsi3)
/usr/lib/gcc/msp430/4.6.3/mmpy-16/libgcc.a(_udivmod16.o)
                              contiki-sky.a(rpl-dag.o) (__udivhi3)
/usr/lib/gcc/msp430/4.6.3/mmpy-16/libgcc.a(_divmod16.o)
                              contiki-sky.a(sicslowpan.o) (__divhi3)
/usr/lib/gcc/msp430/4.6.3/mmpy-16/libgcc.a(_udivmod32.o)
                              obj_sky/contiki-sky-main.o (__udivsi3)
[...]
Memory Configuration

Name             Origin             Length             Attributes
sfr              0x0000000000000000 0x0000000000000010
peripheral_8bit  0x0000000000000010 0x00000000000000f0
peripheral_16bit 0x0000000000000100 0x0000000000000100
ram_mirror       0x0000000000000200 0x0000000000000800 xw
infomem          0x0000000000001000 0x0000000000000100
infob            0x0000000000001000 0x0000000000000080
infoa            0x0000000000001080 0x0000000000000080
ram              0x0000000000001100 0x0000000000002800 xw
rom              0x0000000000004000 0x000000000000bfe0 xr
vectors          0x000000000000ffe0 0x0000000000000020
bsl              0x0000000000000000 0x0000000000000000
infoc            0x0000000000000000 0x0000000000000000
infod            0x0000000000000000 0x0000000000000000
ram2             0x0000000000000000 0x0000000000000000 xw
usbram           0x0000000000000000 0x0000000000000000 xw
far_rom          0x0000000000000000 0x0000000000000000
*default*        0x0000000000000000 0xffffffffffffffff

Linker script and memory map

LOAD /usr/lib/gcc/msp430/4.6.3/mmpy-16/crt0ivtbl16.o
LOAD hello-world.co
LOAD obj_sky/contiki-sky-main.o
LOAD contiki-sky.a
LOAD /usr/lib/gcc/msp430/4.6.3/mmpy-16/libgcc.a
LOAD /usr/lib/gcc/msp430/4.6.3/../../../../msp430/lib/mmpy-16/libc.a
LOAD /usr/lib/gcc/msp430/4.6.3/mmpy-16/libgcc.a
LOAD /usr/lib/gcc/msp430/4.6.3/mmpy-16/libcrt0.a
                0x0000000000000080                PROVIDE (__info_segment_size, 0x80)
                0x0000000000001000                PROVIDE (__infob, 0x1000)
                0x0000000000001080                PROVIDE (__infoa, 0x1080)
                0x0000000000000000                __IE1 = 0x0
                0x0000000000000002                __IFG1 = 0x2
                0x0000000000000004                __ME1 = 0x4
                0x0000000000000001                __IE2 = 0x1
                0x0000000000000003                __IFG2 = 0x3
                0x0000000000000005                __ME2 = 0x5
                0x0000000000000120                __WDTCTL = 0x120
                0x0000000000000130                __MPY = 0x130
                0x0000000000000132                __MPYS = 0x132
                0x0000000000000134                __MAC = 0x134
                0x0000000000000136                __MACS = 0x136
                0x0000000000000138                __OP2 = 0x138
                0x000000000000013a                __RESLO = 0x13a
                0x000000000000013c                __RESHI = 0x13c
                0x000000000000013e                __SUMEXT = 0x13e
                0x0000000000000020                __P1IN = 0x20
                0x0000000000000021                __P1OUT = 0x21
                0x0000000000000022                __P1DIR = 0x22
                0x0000000000000023                __P1IFG = 0x23
                0x0000000000000024                __P1IES = 0x24
                0x0000000000000025                __P1IE = 0x25
                0x0000000000000026                __P1SEL = 0x26
                0x0000000000000028                __P2IN = 0x28
                0x0000000000000029                __P2OUT = 0x29
                0x000000000000002a                __P2DIR = 0x2a
                0x000000000000002b                __P2IFG = 0x2b
                0x000000000000002c                __P2IES = 0x2c
                0x000000000000002d                __P2IE = 0x2d
                0x000000000000002e                __P2SEL = 0x2e
                0x0000000000000018                __P3IN = 0x18
                0x0000000000000019                __P3OUT = 0x19
                0x000000000000001a                __P3DIR = 0x1a
                0x000000000000001b                __P3SEL = 0x1b
                0x000000000000001c                __P4IN = 0x1c
                0x000000000000001d                __P4OUT = 0x1d
                0x000000000000001e                __P4DIR = 0x1e
                0x000000000000001f                __P4SEL = 0x1f
                0x0000000000000030                __P5IN = 0x30
                0x0000000000000031                __P5OUT = 0x31
                0x0000000000000032                __P5DIR = 0x32
                0x0000000000000033                __P5SEL = 0x33
                0x0000000000000034                __P6IN = 0x34
                0x0000000000000035                __P6OUT = 0x35
                0x0000000000000036                __P6DIR = 0x36
                0x0000000000000037                __P6SEL = 0x37
                0x0000000000000070                __U0CTL = 0x70
                0x0000000000000071                __U0TCTL = 0x71
                0x0000000000000072                __U0RCTL = 0x72
                0x0000000000000073                __U0MCTL = 0x73
                0x0000000000000074                __U0BR0 = 0x74
                0x0000000000000075                __U0BR1 = 0x75
                0x0000000000000076                __U0RXBUF = 0x76
                0x0000000000000077                __U0TXBUF = 0x77
                0x0000000000000078                __U1CTL = 0x78
                0x0000000000000079                __U1TCTL = 0x79
                0x000000000000007a                __U1RCTL = 0x7a
                0x000000000000007b                __U1MCTL = 0x7b
                0x000000000000007c                __U1BR0 = 0x7c
                0x000000000000007d                __U1BR1 = 0x7d
                0x000000000000007e                __U1RXBUF = 0x7e
                0x000000000000007f                __U1TXBUF = 0x7f
                0x0000000000000050                __I2CIE = 0x50
                0x0000000000000051                __I2CIFG = 0x51
                0x0000000000000052                __I2CNDAT = 0x52
                0x0000000000000071                __I2CTCTL = 0x71
                0x0000000000000072                __I2CDCTL = 0x72
                0x0000000000000073                __I2CPSC = 0x73
                0x0000000000000074                __I2CSCLH = 0x74
                0x0000000000000075                __I2CSCLL = 0x75
                0x0000000000000076                __I2CDRB = 0x76
                0x0000000000000076                __I2CDRW = 0x76
                0x0000000000000118                __I2COA = 0x118
                0x000000000000011a                __I2CSA = 0x11a
                0x000000000000011c                __I2CIV = 0x11c
                0x000000000000012e                __TAIV = 0x12e
                0x0000000000000160                __TACTL = 0x160
                0x0000000000000162                __TACCTL0 = 0x162
                0x0000000000000164                __TACCTL1 = 0x164
                0x0000000000000166                __TACCTL2 = 0x166
                0x0000000000000170                __TAR = 0x170
                0x0000000000000172                __TACCR0 = 0x172
                0x0000000000000174                __TACCR1 = 0x174
                0x0000000000000176                __TACCR2 = 0x176
                0x000000000000011e                __TBIV = 0x11e
                0x0000000000000180                __TBCTL = 0x180
                0x0000000000000182                __TBCCTL0 = 0x182
                0x0000000000000184                __TBCCTL1 = 0x184
                0x0000000000000186                __TBCCTL2 = 0x186
                0x0000000000000188                __TBCCTL3 = 0x188
                0x000000000000018a                __TBCCTL4 = 0x18a
                0x000000000000018c                __TBCCTL5 = 0x18c
                0x000000000000018e                __TBCCTL6 = 0x18e
                0x0000000000000190                __TBR = 0x190
                0x0000000000000192                __TBCCR0 = 0x192
                0x0000000000000194                __TBCCR1 = 0x194
                0x0000000000000196                __TBCCR2 = 0x196
                0x0000000000000198                __TBCCR3 = 0x198
                0x000000000000019a                __TBCCR4 = 0x19a
                0x000000000000019c                __TBCCR5 = 0x19c
                0x000000000000019e                __TBCCR6 = 0x19e
                0x0000000000000056                __DCOCTL = 0x56
                0x0000000000000057                __BCSCTL1 = 0x57
                0x0000000000000058                __BCSCTL2 = 0x58
                0x0000000000000055                __SVSCTL = 0x55
                0x0000000000000128                __FCTL1 = 0x128
                0x000000000000012a                __FCTL2 = 0x12a
                0x000000000000012c                __FCTL3 = 0x12c
                0x0000000000000059                __CACTL1 = 0x59
                0x000000000000005a                __CACTL2 = 0x5a
                0x000000000000005b                __CAPD = 0x5b
                0x00000000000001a0                __ADC12CTL0 = 0x1a0
                0x00000000000001a2                __ADC12CTL1 = 0x1a2
                0x00000000000001a4                __ADC12IFG = 0x1a4
                0x00000000000001a6                __ADC12IE = 0x1a6
                0x00000000000001a8                __ADC12IV = 0x1a8
                0x0000000000000140                __ADC12MEM0 = 0x140
                0x0000000000000142                __ADC12MEM1 = 0x142
                0x0000000000000144                __ADC12MEM2 = 0x144
                0x0000000000000146                __ADC12MEM3 = 0x146
                0x0000000000000148                __ADC12MEM4 = 0x148
                0x000000000000014a                __ADC12MEM5 = 0x14a
                0x000000000000014c                __ADC12MEM6 = 0x14c
                0x000000000000014e                __ADC12MEM7 = 0x14e
                0x0000000000000150                __ADC12MEM8 = 0x150
                0x0000000000000152                __ADC12MEM9 = 0x152
                0x0000000000000154                __ADC12MEM10 = 0x154
                0x0000000000000156                __ADC12MEM11 = 0x156
                0x0000000000000158                __ADC12MEM12 = 0x158
                0x000000000000015a                __ADC12MEM13 = 0x15a
                0x000000000000015c                __ADC12MEM14 = 0x15c
                0x000000000000015e                __ADC12MEM15 = 0x15e
                0x0000000000000080                __ADC12MCTL0 = 0x80
                0x0000000000000081                __ADC12MCTL1 = 0x81
                0x0000000000000082                __ADC12MCTL2 = 0x82
                0x0000000000000083                __ADC12MCTL3 = 0x83
                0x0000000000000084                __ADC12MCTL4 = 0x84
                0x0000000000000085                __ADC12MCTL5 = 0x85
                0x0000000000000086                __ADC12MCTL6 = 0x86
                0x0000000000000087                __ADC12MCTL7 = 0x87
                0x0000000000000088                __ADC12MCTL8 = 0x88
                0x0000000000000089                __ADC12MCTL9 = 0x89
                0x000000000000008a                __ADC12MCTL10 = 0x8a
                0x000000000000008b                __ADC12MCTL11 = 0x8b
                0x000000000000008c                __ADC12MCTL12 = 0x8c
                0x000000000000008d                __ADC12MCTL13 = 0x8d
                0x000000000000008e                __ADC12MCTL14 = 0x8e
                0x000000000000008f                __ADC12MCTL15 = 0x8f
                0x00000000000001c0                __DAC12_0CTL = 0x1c0
                0x00000000000001c2                __DAC12_1CTL = 0x1c2
                0x00000000000001c8                __DAC12_0DAT = 0x1c8
                0x00000000000001ca                __DAC12_1DAT = 0x1ca
                0x0000000000000122                __DMACTL0 = 0x122
                0x0000000000000124                __DMACTL1 = 0x124
                0x00000000000001e0                __DMA0CTL = 0x1e0
                0x00000000000001e8                __DMA1CTL = 0x1e8
                0x00000000000001f0                __DMA2CTL = 0x1f0
                0x00000000000001e2                __DMA0SA = 0x1e2
                0x00000000000001e4                __DMA0DA = 0x1e4
                0x00000000000001e6                __DMA0SZ = 0x1e6
                0x00000000000001ea                __DMA1SA = 0x1ea
                0x00000000000001ec                __DMA1DA = 0x1ec
                0x00000000000001ee                __DMA1SZ = 0x1ee
                0x00000000000001f2                __DMA2SA = 0x1f2
                0x00000000000001f4                __DMA2DA = 0x1f4
                0x00000000000001f6                __DMA2SZ = 0x1f6

.hash
 *(.hash)

.dynsym
 *(.dynsym)

.dynstr
 *(.dynstr)

.gnu.version
 *(.gnu.version)

.gnu.version_d
 *(.gnu.version_d)

.gnu.version_r
 *(.gnu.version_r)

.rel.init
 *(.rel.init)

.rela.init
 *(.rela.init)

.rel.fini
 *(.rel.fini)

.rela.fini
 *(.rela.fini)

.rel.text
 *(.rel.text .rel.text.* .rel.gnu.linkonce.t.*)

.rela.text
 *(.rela.text .rela.text.* .rela.gnu.linkonce.t.*)

.rel.rodata
 *(.rel.rodata .rel.rodata.* .rel.gnu.linkonce.r.*)

.rela.rodata
 *(.rela.rodata .rela.rodata.* .rela.gnu.linkonce.r.*)

.rel.data
 *(.rel.data .rel.data.* .rel.gnu.linkonce.d.*)

.rela.data
 *(.rela.data .rela.data.* .rela.gnu.linkonce.d.*)

.rel.bss
 *(.rel.bss .rel.bss.* .rel.gnu.linkonce.b.*)

.rela.bss
 *(.rela.bss .rela.bss.* .rela.gnu.linkonce.b.*)

.rel.ctors
 *(.rel.ctors)

.rela.ctors
 *(.rela.ctors)

.rel.dtors
 *(.rel.dtors)

.rela.dtors
 *(.rela.dtors)

.rel.got
 *(.rel.got)

.rela.got
 *(.rela.got)

.rel.plt
 *(.rel.plt)

.rela.plt
 *(.rela.plt)

.text           0x0000000000004000     0xa456
                0x0000000000004000                . = ALIGN (0x2)
 *(.init .init.*)
 *(.init0)
 .init0         0x0000000000004000        0x0 /usr/lib/gcc/msp430/4.6.3/mmpy-16/libcrt0.a(_reset_vector__.o)
                0x0000000000004000                _reset_vector__
 *(.init1)
 .init1         0x0000000000004000        0xc /usr/lib/gcc/msp430/4.6.3/mmpy-16/libcrt0.a(__watchdog_support.o)
                0x0000000000004000                __watchdog_support
 *(.init2)
 .init2         0x000000000000400c        0x4 /usr/lib/gcc/msp430/4.6.3/mmpy-16/libcrt0.a(__init_stack.o)
                0x000000000000400c                __init_stack
 *(.init3)
 .init3         0x0000000000004010        0x0 /usr/lib/gcc/msp430/4.6.3/mmpy-16/libcrt0.a(__low_level_init.o)
                0x0000000000004010                __low_level_init
 *(.init4)
 .init4         0x0000000000004010       0x18 /usr/lib/gcc/msp430/4.6.3/mmpy-16/libcrt0.a(_copy_data.o)
                0x0000000000004010                __do_copy_data
 .init4         0x0000000000004028       0x16 /usr/lib/gcc/msp430/4.6.3/mmpy-16/libcrt0.a(_clear_bss.o)
                0x0000000000004028                __do_clear_bss
 *(.init5)
 *(.init6)
 *(.init7)
 *(.init8)
 *(.init9)
 .init9         0x000000000000403e      0x2d8 obj_sky/contiki-sky-main.o
                0x000000000000403e                main
 *(.fini9)
 .fini9         0x0000000000004316        0x0 /usr/lib/gcc/msp430/4.6.3/mmpy-16/libcrt0.a(__stop_progExec__.o)
                0x0000000000004316                __stop_progExec__
 *(.fini8)
 *(.fini7)
 *(.fini6)
 *(.fini5)
 *(.fini4)
 *(.fini3)
 *(.fini2)
 *(.fini1)
 *(.fini0)
 .fini0         0x0000000000004316        0x6 /usr/lib/gcc/msp430/4.6.3/mmpy-16/libcrt0.a(_endless_loop__.o)
                0x0000000000004316                _endless_loop__
 *(.fini .fini.*)
                0x000000000000431c                . = ALIGN (0x2)
                0x000000000000431c                __ctors_start = .
 *(.ctors)
                0x000000000000431c                __ctors_end = .
                0x000000000000431c                __dtors_start = .
 *(.dtors)
                0x000000000000431c                __dtors_end = .
                0x000000000000431c                . = ALIGN (0x2)
 *(.text .text.* .gnu.linkonce.t.*)
 .text          0x000000000000431c        0x4 /usr/lib/gcc/msp430/4.6.3/mmpy-16/crt0ivtbl16.o
                0x000000000000431c                __isr_14
                0x000000000000431c                __isr_11
                0x000000000000431c                __isr_2
                0x000000000000431c                __isr_7
                0x000000000000431c                __isr_0
                0x000000000000431c                __isr_8
                0x000000000000431c                __isr_3
                0x000000000000431c                __isr_12
                0x000000000000431c                __isr_13
                0x000000000000431c                __isr_9
 .text.process_thread_hello_world_process
                0x0000000000004320       0x1e hello-world.co
 .text.start_network_layer
                0x000000000000433e       0xa2 obj_sky/contiki-sky-main.o
 .text.init_platform
                0x00000000000043e0        0xc contiki-sky.a(contiki-sky-pla)
                0x00000000000043e0                init_platform
 .text.status   0x00000000000043ec       0x16 contiki-sky.a(button-sensor.o)
 .text.configure
                0x0000000000004402       0x52 contiki-sky.a(button-sensor.o)
 .text.value    0x0000000000004454       0x22 contiki-sky.a(button-sensor.o)
 .text.irq_p2   0x0000000000004476       0x8a contiki-sky.a(button-sensor.o)
                0x0000000000004476                irq_p2
                0x0000000000004476                __isr_1
 .text.owreadb  0x0000000000004500       0x52 contiki-sky.a(ds2411.o)
 .text.ds2411_init
                0x0000000000004552      0x122 contiki-sky.a(ds2411.o)
                0x0000000000004552                ds2411_init
 .text.wait_ready
                0x0000000000004674       0x50 contiki-sky.a(xmem.o)
 .text.xmem_init
                0x00000000000046c4       0x3e contiki-sky.a(xmem.o)
                0x00000000000046c4                xmem_init
 .text.xmem_pread
                0x0000000000004702       0xea contiki-sky.a(xmem.o)
                0x0000000000004702                xmem_pread
 .text.node_id_restore
                0x00000000000047ec       0x38 contiki-sky.a(node-id.o)
                0x00000000000047ec                node_id_restore
 .text.process_thread_sensors_process
                0x0000000000004824       0xbe contiki-sky.a(sensors.o)
 .text.sensors_changed
                0x00000000000048e2       0x2a contiki-sky.a(sensors.o)
                0x00000000000048e2                sensors_changed
 .text.get_object
                0x000000000000490c        0x4 contiki-sky.a(cc2420.o)
 .text.set_object
                0x0000000000004910        0x4 contiki-sky.a(cc2420.o)
 .text.strobe   0x0000000000004914       0x20 contiki-sky.a(cc2420.o)
 .text.getreg   0x0000000000004934       0x54 contiki-sky.a(cc2420.o)
 .text.setreg   0x0000000000004988       0x52 contiki-sky.a(cc2420.o)
 .text.write_ram
                0x00000000000049da       0x80 contiki-sky.a(cc2420.o)
 .text.write_fifo_buf
                0x0000000000004a5a       0x40 contiki-sky.a(cc2420.o)
 .text.get_status
                0x0000000000004a9a       0x24 contiki-sky.a(cc2420.o)
 .text.set_txpower
                0x0000000000004abe       0x26 contiki-sky.a(cc2420.o)
 .text.cc2420_receiving_packet
                0x0000000000004ae4        0xe contiki-sky.a(cc2420.o)
 .text.pending_packet
                0x0000000000004af2        0x8 contiki-sky.a(cc2420.o)
 .text.on       0x0000000000004afa       0x1e contiki-sky.a(cc2420.o)
 .text.wait_for_transmission
                0x0000000000004b18       0x22 contiki-sky.a(cc2420.o)
 .text.wait_for_status
                0x0000000000004b3a       0x2a contiki-sky.a(cc2420.o)
 .text.getrxdata
                0x0000000000004b64       0x56 contiki-sky.a(cc2420.o)
 .text.flushrx  0x0000000000004bba       0x1a contiki-sky.a(cc2420.o)
 .text.off      0x0000000000004bd4       0x5a contiki-sky.a(cc2420.o)
 .text.RELEASE_LOCK
                0x0000000000004c2e       0x28 contiki-sky.a(cc2420.o)
 .text.set_key  0x0000000000004c56       0x18 contiki-sky.a(cc2420.o)
 .text.cc2420_prepare
                0x0000000000004c6e       0x3c contiki-sky.a(cc2420.o)
 .text.cc2420_on
                0x0000000000004caa       0x22 contiki-sky.a(cc2420.o)
                0x0000000000004caa                cc2420_on
 .text.cc2420_off
                0x0000000000004ccc       0x30 contiki-sky.a(cc2420.o)
                0x0000000000004ccc                cc2420_off
 .text.cc2420_cca
                0x0000000000004cfc       0x5e contiki-sky.a(cc2420.o)
 .text.cc2420_read
                0x0000000000004d5a       0xb0 contiki-sky.a(cc2420.o)
 .text.process_thread_cc2420_process
                0x0000000000004e0a       0x50 contiki-sky.a(cc2420.o)
 .text.encrypt  0x0000000000004e5a       0x8e contiki-sky.a(cc2420.o)
 .text.cc2420_set_channel
                0x0000000000004ee8       0x3c contiki-sky.a(cc2420.o)
                0x0000000000004ee8                cc2420_set_channel
 .text.cc2420_set_pan_addr
                0x0000000000004f24       0x4c contiki-sky.a(cc2420.o)
                0x0000000000004f24                cc2420_set_pan_addr
 .text.cc2420_interrupt
                0x0000000000004f70       0x18 contiki-sky.a(cc2420.o)
                0x0000000000004f70                cc2420_interrupt
 .text.cc2420_set_txpower
                0x0000000000004f88        0xe contiki-sky.a(cc2420.o)
                0x0000000000004f88                cc2420_set_txpower
 .text.set_value
                0x0000000000004f96       0x78 contiki-sky.a(cc2420.o)
 .text.cc2420_get_txpower
                0x000000000000500e       0x1e contiki-sky.a(cc2420.o)
                0x000000000000500e                cc2420_get_txpower
 .text.cc2420_transmit
                0x000000000000502c      0x12a contiki-sky.a(cc2420.o)
 .text.cc2420_send
                0x0000000000005156       0x12 contiki-sky.a(cc2420.o)
 .text.cc2420_rssi
                0x0000000000005168       0x4c contiki-sky.a(cc2420.o)
                0x0000000000005168                cc2420_rssi
 .text.get_value
                0x00000000000051b4       0x8a contiki-sky.a(cc2420.o)
 .text.cc2420_set_cca_threshold
                0x000000000000523e       0x16 contiki-sky.a(cc2420.o)
                0x000000000000523e                cc2420_set_cca_threshold
 .text.cc2420_init
                0x0000000000005254       0xde contiki-sky.a(cc2420.o)
                0x0000000000005254                cc2420_init
 .text.cc2420_port1_interrupt
                0x0000000000005332       0x62 contiki-sky.a(cc2420-arch.o)
                0x0000000000005332                __isr_4
                0x0000000000005332                cc2420_port1_interrupt
 .text.cc2420_arch_init
                0x0000000000005394       0x1a contiki-sky.a(cc2420-arch.o)
                0x0000000000005394                cc2420_arch_init
 .text.uart1_active
                0x00000000000053ae       0x1a contiki-sky.a(uart1.o)
                0x00000000000053ae                uart1_active
 .text.uart1_writeb
                0x00000000000053c8       0x1a contiki-sky.a(uart1.o)
                0x00000000000053c8                uart1_writeb
 .text.uart1_init
                0x00000000000053e2       0xf6 contiki-sky.a(uart1.o)
                0x00000000000053e2                uart1_init
 .text.putchar  0x00000000000054d8       0x10 contiki-sky.a(uart1-putchar.o)
                0x00000000000054d8                putchar
 .text.msp430_init_dco
                0x00000000000054e8       0x84 contiki-sky.a(msp430.o)
                0x00000000000054e8                msp430_init_dco
 .text.msp430_add_lpm_req
                0x000000000000556c        0xc contiki-sky.a(msp430.o)
                0x000000000000556c                msp430_add_lpm_req
 .text.msp430_cpu_init
                0x0000000000005578       0x2a contiki-sky.a(msp430.o)
                0x0000000000005578                msp430_cpu_init
 .text.splhigh_
                0x00000000000055a2        0x8 contiki-sky.a(msp430.o)
                0x00000000000055a2                splhigh_
 .text.msp430_sync_dco
                0x00000000000055aa       0x68 contiki-sky.a(msp430.o)
                0x00000000000055aa                msp430_sync_dco
 .text.timera1  0x0000000000005612      0x11e contiki-sky.a(clock.o)
                0x0000000000005612                __isr_5
                0x0000000000005612                timera1
 .text.clock_time
                0x0000000000005730       0x1a contiki-sky.a(clock.o)
                0x0000000000005730                clock_time
 .text.clock_init
                0x000000000000574a       0x28 contiki-sky.a(clock.o)
                0x000000000000574a                clock_init
 .text.clock_delay
                0x0000000000005772        0xc contiki-sky.a(clock.o)
                0x0000000000005772                clock_delay
 .text.clock_seconds
                0x000000000000577e       0x1a contiki-sky.a(clock.o)
                0x000000000000577e                clock_seconds
 .text.show_leds
                0x0000000000005798       0xf6 contiki-sky.a(leds.o)
 .text.leds_init
                0x000000000000588e        0xa contiki-sky.a(leds.o)
                0x000000000000588e                leds_init
 .text.leds_on  0x0000000000005898        0xa contiki-sky.a(leds.o)
                0x0000000000005898                leds_on
 .text.leds_off
                0x00000000000058a2        0xe contiki-sky.a(leds.o)
                0x00000000000058a2                leds_off
 .text.leds_arch_init
                0x00000000000058b0        0xe contiki-sky.a(leds-arch.o)
                0x00000000000058b0                leds_arch_init
 .text.leds_arch_set
                0x00000000000058be       0x3a contiki-sky.a(leds-arch.o)
                0x00000000000058be                leds_arch_set
 .text.watchdog_interrupt
                0x00000000000058f8        0x6 contiki-sky.a(watchdog.o)
                0x00000000000058f8                __isr_10
                0x00000000000058f8                watchdog_interrupt
 .text.watchdog_start
                0x00000000000058fe       0x14 contiki-sky.a(watchdog.o)
                0x00000000000058fe                watchdog_start
 .text.watchdog_periodic
                0x0000000000005912       0x12 contiki-sky.a(watchdog.o)
                0x0000000000005912                watchdog_periodic
 .text.watchdog_stop
                0x0000000000005924       0x16 contiki-sky.a(watchdog.o)
                0x0000000000005924                watchdog_stop
 .text.watchdog_init
                0x000000000000593a       0x14 contiki-sky.a(watchdog.o)
                0x000000000000593a                watchdog_init
 .text.rtimer_arch_init
                0x000000000000594e        0xe contiki-sky.a(rtimer-arch.o)
                0x000000000000594e                rtimer_arch_init
 .text.rtimer_arch_now
                0x000000000000595c        0xe contiki-sky.a(rtimer-arch.o)
                0x000000000000595c                rtimer_arch_now
 .text.timera0  0x000000000000596a       0x70 contiki-sky.a(rtimer-arch.o)
                0x000000000000596a                __isr_6
                0x000000000000596a                timera0
 .text.rtimer_arch_schedule
                0x00000000000059da        0x6 contiki-sky.a(rtimer-arch.o)
                0x00000000000059da                rtimer_arch_schedule
 .text.autostart_start
                0x00000000000059e0       0x16 contiki-sky.a(autostart.o)
                0x00000000000059e0                autostart_start
 .text.process_thread_ctimer_process
                0x00000000000059f6       0xa4 contiki-sky.a(ctimer.o)
 .text.ctimer_init
                0x0000000000005a9a       0x18 contiki-sky.a(ctimer.o)
                0x0000000000005a9a                ctimer_init
 .text.ctimer_set
                0x0000000000005ab2       0x50 contiki-sky.a(ctimer.o)
                0x0000000000005ab2                ctimer_set
 .text.ctimer_reset
                0x0000000000005b02       0x30 contiki-sky.a(ctimer.o)
                0x0000000000005b02                ctimer_reset
 .text.ctimer_stop
                0x0000000000005b32       0x28 contiki-sky.a(ctimer.o)
                0x0000000000005b32                ctimer_stop
 .text.energest_init
                0x0000000000005b5a       0x28 contiki-sky.a(energest.o)
                0x0000000000005b5a                energest_init
 .text.energest_type_time
                0x0000000000005b82       0x46 contiki-sky.a(energest.o)
                0x0000000000005b82                energest_type_time
 .text.energest_type_set
                0x0000000000005bc8        0xe contiki-sky.a(energest.o)
                0x0000000000005bc8                energest_type_set
 .text.energest_flush
                0x0000000000005bd6       0x48 contiki-sky.a(energest.o)
                0x0000000000005bd6                energest_flush
 .text.update_time
                0x0000000000005c1e       0x78 contiki-sky.a(etimer.o)
 .text.etimer_request_poll
                0x0000000000005c96        0xa contiki-sky.a(etimer.o)
                0x0000000000005c96                etimer_request_poll
 .text.process_thread_etimer_process
                0x0000000000005ca0       0xc8 contiki-sky.a(etimer.o)
 .text.add_timer
                0x0000000000005d68       0x40 contiki-sky.a(etimer.o)
 .text.etimer_set
                0x0000000000005da8       0x12 contiki-sky.a(etimer.o)
                0x0000000000005da8                etimer_set
 .text.etimer_reset
                0x0000000000005dba       0x12 contiki-sky.a(etimer.o)
                0x0000000000005dba                etimer_reset
 .text.etimer_restart
                0x0000000000005dcc       0x12 contiki-sky.a(etimer.o)
                0x0000000000005dcc                etimer_restart
 .text.etimer_expired
                0x0000000000005dde        0xe contiki-sky.a(etimer.o)
                0x0000000000005dde                etimer_expired
 .text.etimer_expiration_time
                0x0000000000005dec       0x14 contiki-sky.a(etimer.o)
                0x0000000000005dec                etimer_expiration_time
 .text.etimer_pending
                0x0000000000005e00        0xc contiki-sky.a(etimer.o)
                0x0000000000005e00                etimer_pending
 .text.etimer_next_expiration_time
                0x0000000000005e0c       0x16 contiki-sky.a(etimer.o)
                0x0000000000005e0c                etimer_next_expiration_time
 .text.etimer_stop
                0x0000000000005e22       0x3c contiki-sky.a(etimer.o)
                0x0000000000005e22                etimer_stop
 .text.call_process
                0x0000000000005e5e       0x4a contiki-sky.a(process.o)
 .text.exit_process
                0x0000000000005ea8       0x96 contiki-sky.a(process.o)
 .text.do_poll  0x0000000000005f3e       0x30 contiki-sky.a(process.o)
 .text.process_alloc_event
                0x0000000000005f6e        0xe contiki-sky.a(process.o)
                0x0000000000005f6e                process_alloc_event
 .text.process_init
                0x0000000000005f7c       0x1c contiki-sky.a(process.o)
                0x0000000000005f7c                process_init
 .text.process_run
                0x0000000000005f98       0xa2 contiki-sky.a(process.o)
                0x0000000000005f98                process_run
 .text.process_nevents
                0x000000000000603a        0xe contiki-sky.a(process.o)
                0x000000000000603a                process_nevents
 .text.process_post
                0x0000000000006048       0x54 contiki-sky.a(process.o)
                0x0000000000006048                process_post
 .text.process_post_synch
                0x000000000000609c       0x12 contiki-sky.a(process.o)
                0x000000000000609c                process_post_synch
 .text.process_start
                0x00000000000060ae       0x32 contiki-sky.a(process.o)
                0x00000000000060ae                process_start
 .text.process_poll
                0x00000000000060e0       0x18 contiki-sky.a(process.o)
                0x00000000000060e0                process_poll
 .text.rtimer_init
                0x00000000000060f8        0x6 contiki-sky.a(rtimer.o)
                0x00000000000060f8                rtimer_init
 .text.rtimer_set
                0x00000000000060fe       0x24 contiki-sky.a(rtimer.o)
                0x00000000000060fe                rtimer_set
 .text.rtimer_run_next
                0x0000000000006122       0x26 contiki-sky.a(rtimer.o)
                0x0000000000006122                rtimer_run_next
 .text.timer_set
                0x0000000000006148       0x1c contiki-sky.a(timer.o)
                0x0000000000006148                timer_set
 .text.timer_reset
                0x0000000000006164        0xe contiki-sky.a(timer.o)
                0x0000000000006164                timer_reset
 .text.timer_restart
                0x0000000000006172       0x14 contiki-sky.a(timer.o)
                0x0000000000006172                timer_restart
 .text.timer_expired
                0x0000000000006186       0x2a contiki-sky.a(timer.o)
                0x0000000000006186                timer_expired
 .text.list_init
                0x00000000000061b0        0x6 contiki-sky.a(list.o)
                0x00000000000061b0                list_init
 .text.list_head
                0x00000000000061b6        0x4 contiki-sky.a(list.o)
                0x00000000000061b6                list_head
 .text.list_tail
                0x00000000000061ba       0x12 contiki-sky.a(list.o)
                0x00000000000061ba                list_tail
 .text.list_remove
                0x00000000000061cc       0x34 contiki-sky.a(list.o)
                0x00000000000061cc                list_remove
 .text.list_push
                0x0000000000006200       0x1a contiki-sky.a(list.o)
                0x0000000000006200                list_push
 .text.list_add
                0x000000000000621a       0x2a contiki-sky.a(list.o)
                0x000000000000621a                list_add
 .text.list_length
                0x0000000000006244       0x10 contiki-sky.a(list.o)
                0x0000000000006244                list_length
 .text.list_item_next
                0x0000000000006254        0xc contiki-sky.a(list.o)
                0x0000000000006254                list_item_next
 .text.random_init
                0x0000000000006260        0x6 contiki-sky.a(random.o)
                0x0000000000006260                random_init
 .text.random_rand
                0x0000000000006266        0x6 contiki-sky.a(random.o)
                0x0000000000006266                random_rand
 .text.set_packet_attrs
                0x000000000000626c       0x44 contiki-sky.a(sicslowpan.o)
 .text.addr_context_lookup_by_number
                0x00000000000062b0       0x36 contiki-sky.a(sicslowpan.o)
 .text.compress_addr_64
                0x00000000000062e6       0xae contiki-sky.a(sicslowpan.o)
 .text.uncompress_addr
                0x0000000000006394       0xb4 contiki-sky.a(sicslowpan.o)
 .text.input    0x0000000000006448      0x65c contiki-sky.a(sicslowpan.o)
 .text.sicslowpan_init
                0x0000000000006aa4       0x26 contiki-sky.a(sicslowpan.o)
                0x0000000000006aa4                sicslowpan_init
 .text.addr_context_lookup_by_prefix
                0x0000000000006aca       0x4c contiki-sky.a(sicslowpan.o)
 .text.send_packet
                0x0000000000006b16       0x1a contiki-sky.a(sicslowpan.o)
 .text.output   0x0000000000006b30      0x700 contiki-sky.a(sicslowpan.o)
 .text.packet_sent
                0x0000000000007230       0x22 contiki-sky.a(sicslowpan.o)
 .text.chksum   0x0000000000007252       0x32 contiki-sky.a(uip6.o)
 .text.upper_layer_chksum
                0x0000000000007284       0x56 contiki-sky.a(uip6.o)
 .text.ext_hdr_options_process
                0x00000000000072da       0xda contiki-sky.a(uip6.o)
 .text.uip_add32
                0x00000000000073b4       0x68 contiki-sky.a(uip6.o)
                0x00000000000073b4                uip_add32
 .text.unlikely.uip_add_rcv_nxt
                0x000000000000741c       0x2e contiki-sky.a(uip6.o)
 .text.uip_icmp6chksum
                0x000000000000744a        0xa contiki-sky.a(uip6.o)
                0x000000000000744a                uip_icmp6chksum
 .text.uip_tcpchksum
                0x0000000000007454        0xa contiki-sky.a(uip6.o)
                0x0000000000007454                uip_tcpchksum
 .text.uip_udpchksum
                0x000000000000745e        0xa contiki-sky.a(uip6.o)
                0x000000000000745e                uip_udpchksum
 .text.uip_init
                0x0000000000007468       0x7a contiki-sky.a(uip6.o)
                0x0000000000007468                uip_init
 .text.remove_ext_hdr
                0x00000000000074e2       0x5a contiki-sky.a(uip6.o)
                0x00000000000074e2                remove_ext_hdr
 .text.uip_unlisten
                0x000000000000753c       0x2a contiki-sky.a(uip6.o)
                0x000000000000753c                uip_unlisten
 .text.uip_process
                0x0000000000007566      0xe9e contiki-sky.a(uip6.o)
                0x0000000000007566                uip_process
 .text.uip_htonl
                0x0000000000008404       0x2e contiki-sky.a(uip6.o)
                0x0000000000008404                uip_htonl
 .text.uip_ds6_list_loop
                0x0000000000008432       0x86 contiki-sky.a(uip-ds6.o)
                0x0000000000008432                uip_ds6_list_loop
 .text.uip_ds6_prefix_add
                0x00000000000084b8       0x80 contiki-sky.a(uip-ds6.o)
                0x00000000000084b8                uip_ds6_prefix_add
 .text.uip_ds6_is_addr_onlink
                0x0000000000008538       0x54 contiki-sky.a(uip-ds6.o)
                0x0000000000008538                uip_ds6_is_addr_onlink
 .text.uip_ds6_addr_lookup
                0x000000000000858c       0x2a contiki-sky.a(uip-ds6.o)
                0x000000000000858c                uip_ds6_addr_lookup
 .text.uip_ds6_get_link_local
                0x00000000000085b6       0x3e contiki-sky.a(uip-ds6.o)
                0x00000000000085b6                uip_ds6_get_link_local
 .text.uip_ds6_maddr_add
                0x00000000000085f4       0x4c contiki-sky.a(uip-ds6.o)
                0x00000000000085f4                uip_ds6_maddr_add
 .text.uip_ds6_addr_add
                0x0000000000008640       0xc4 contiki-sky.a(uip-ds6.o)
                0x0000000000008640                uip_ds6_addr_add
 .text.uip_ds6_maddr_lookup
                0x0000000000008704       0x2a contiki-sky.a(uip-ds6.o)
                0x0000000000008704                uip_ds6_maddr_lookup
 .text.uip_ds6_addr_rm
                0x000000000000872e       0x54 contiki-sky.a(uip-ds6.o)
                0x000000000000872e                uip_ds6_addr_rm
 .text.uip_ds6_periodic
                0x0000000000008782       0x4a contiki-sky.a(uip-ds6.o)
                0x0000000000008782                uip_ds6_periodic
 .text.uip_ds6_set_addr_iid
                0x00000000000087cc       0x14 contiki-sky.a(uip-ds6.o)
                0x00000000000087cc                uip_ds6_set_addr_iid
 .text.get_match_length
                0x00000000000087e0       0x3e contiki-sky.a(uip-ds6.o)
                0x00000000000087e0                get_match_length
 .text.uip_ds6_select_src
                0x000000000000881e       0xaa contiki-sky.a(uip-ds6.o)
                0x000000000000881e                uip_ds6_select_src
 .text.uip_ds6_compute_reachable_time
                0x00000000000088c8       0x3e contiki-sky.a(uip-ds6.o)
                0x00000000000088c8                uip_ds6_compute_reachable_time
 .text.uip_ds6_init
                0x0000000000008906      0x154 contiki-sky.a(uip-ds6.o)
                0x0000000000008906                uip_ds6_init
 .text.uip_ds6_nbr_rm
                0x0000000000008a5a       0x1a contiki-sky.a(uip-ds6-nbr.o)
                0x0000000000008a5a                uip_ds6_nbr_rm
 .text.uip_ds6_neighbors_init
                0x0000000000008a74        0xe contiki-sky.a(uip-ds6-nbr.o)
                0x0000000000008a74                uip_ds6_neighbors_init
 .text.uip_ds6_nbr_add
                0x0000000000008a82       0x60 contiki-sky.a(uip-ds6-nbr.o)
                0x0000000000008a82                uip_ds6_nbr_add
 .text.uip_ds6_nbr_get_ll
                0x0000000000008ae2        0xc contiki-sky.a(uip-ds6-nbr.o)
                0x0000000000008ae2                uip_ds6_nbr_get_ll
 .text.uip_ds6_nbr_lookup
                0x0000000000008aee       0x42 contiki-sky.a(uip-ds6-nbr.o)
                0x0000000000008aee                uip_ds6_nbr_lookup
 .text.uip_ds6_nbr_ll_lookup
                0x0000000000008b30        0xc contiki-sky.a(uip-ds6-nbr.o)
                0x0000000000008b30                uip_ds6_nbr_ll_lookup
 .text.uip_ds6_nbr_ipaddr_from_lladdr
                0x0000000000008b3c        0x6 contiki-sky.a(uip-ds6-nbr.o)
                0x0000000000008b3c                uip_ds6_nbr_ipaddr_from_lladdr
 .text.uip_ds6_nbr_lladdr_from_ipaddr
                0x0000000000008b42       0x12 contiki-sky.a(uip-ds6-nbr.o)
                0x0000000000008b42                uip_ds6_nbr_lladdr_from_ipaddr
 .text.uip_ds6_link_neighbor_callback
                0x0000000000008b54       0x2a contiki-sky.a(uip-ds6-nbr.o)
                0x0000000000008b54                uip_ds6_link_neighbor_callback
 .text.uip_ds6_neighbor_periodic
                0x0000000000008b7e       0x60 contiki-sky.a(uip-ds6-nbr.o)
                0x0000000000008b7e                uip_ds6_neighbor_periodic
 .text.call_route_callback
                0x0000000000008bde       0x4c contiki-sky.a(uip-ds6-route.o)
 .text.uip_ds6_route_init
                0x0000000000008c2a       0x36 contiki-sky.a(uip-ds6-route.o)
                0x0000000000008c2a                uip_ds6_route_init
 .text.uip_ds6_route_nexthop
                0x0000000000008c60       0x1a contiki-sky.a(uip-ds6-route.o)
                0x0000000000008c60                uip_ds6_route_nexthop
 .text.uip_ds6_route_head
                0x0000000000008c7a        0xa contiki-sky.a(uip-ds6-route.o)
                0x0000000000008c7a                uip_ds6_route_head
 .text.uip_ds6_route_next
                0x0000000000008c84        0xe contiki-sky.a(uip-ds6-route.o)
                0x0000000000008c84                uip_ds6_route_next
 .text.uip_ds6_route_lookup
                0x0000000000008c92       0x8c contiki-sky.a(uip-ds6-route.o)
                0x0000000000008c92                uip_ds6_route_lookup
 .text.uip_ds6_route_rm
                0x0000000000008d1e       0xa4 contiki-sky.a(uip-ds6-route.o)
                0x0000000000008d1e                uip_ds6_route_rm
 .text.rm_routelist
                0x0000000000008dc2       0x34 contiki-sky.a(uip-ds6-route.o)
 .text.rm_routelist_callback
                0x0000000000008df6        0x6 contiki-sky.a(uip-ds6-route.o)
 .text.uip_ds6_route_add
                0x0000000000008dfc      0x108 contiki-sky.a(uip-ds6-route.o)
                0x0000000000008dfc                uip_ds6_route_add
 .text.uip_ds6_defrt_rm
                0x0000000000008f04       0x48 contiki-sky.a(uip-ds6-route.o)
                0x0000000000008f04                uip_ds6_defrt_rm
 .text.uip_ds6_defrt_lookup
                0x0000000000008f4c       0x36 contiki-sky.a(uip-ds6-route.o)
                0x0000000000008f4c                uip_ds6_defrt_lookup
 .text.uip_ds6_defrt_add
                0x0000000000008f82       0x74 contiki-sky.a(uip-ds6-route.o)
                0x0000000000008f82                uip_ds6_defrt_add
 .text.uip_ds6_defrt_choose
                0x0000000000008ff6       0x3a contiki-sky.a(uip-ds6-route.o)
                0x0000000000008ff6                uip_ds6_defrt_choose
 .text.uip_ds6_defrt_periodic
                0x0000000000009030       0x38 contiki-sky.a(uip-ds6-route.o)
                0x0000000000009030                uip_ds6_defrt_periodic
 .text.echo_reply_input
                0x0000000000009068      0x112 contiki-sky.a(uip-icmp6.o)
 .text.echo_request_input
                0x000000000000917a      0x12c contiki-sky.a(uip-icmp6.o)
 .text.uip_icmp6_input
                0x00000000000092a6       0x44 contiki-sky.a(uip-icmp6.o)
                0x00000000000092a6                uip_icmp6_input
 .text.uip_icmp6_register_input_handler
                0x00000000000092ea        0xc contiki-sky.a(uip-icmp6.o)
                0x00000000000092ea                uip_icmp6_register_input_handler
 .text.uip_icmp6_error_output
                0x00000000000092f6      0x17a contiki-sky.a(uip-icmp6.o)
                0x00000000000092f6                uip_icmp6_error_output
 .text.uip_icmp6_send
                0x0000000000009470       0x96 contiki-sky.a(uip-icmp6.o)
                0x0000000000009470                uip_icmp6_send
 .text.uip_icmp6_init
                0x0000000000009506       0x12 contiki-sky.a(uip-icmp6.o)
                0x0000000000009506                uip_icmp6_init
 .text.uip_nd6_init
                0x0000000000009518        0x2 contiki-sky.a(uip-nd6.o)
                0x0000000000009518                uip_nd6_init
 .text.start_periodic_tcp_timer
                0x000000000000951a       0x16 contiki-sky.a(tcpip.o)
 .text.tcpip_output
                0x0000000000009530       0x10 contiki-sky.a(tcpip.o)
                0x0000000000009530                tcpip_output
 .text.tcpip_set_outputfunc
                0x0000000000009540        0x6 contiki-sky.a(tcpip.o)
                0x0000000000009540                tcpip_set_outputfunc
 .text.tcpip_input
                0x0000000000009546       0x16 contiki-sky.a(tcpip.o)
                0x0000000000009546                tcpip_input
 .text.tcpip_ipv6_output
                0x000000000000955c       0xce contiki-sky.a(tcpip.o)
                0x000000000000955c                tcpip_ipv6_output
 .text.process_thread_tcpip_process
                0x000000000000962a      0x1d0 contiki-sky.a(tcpip.o)
 .text.tcpip_uipcall
                0x00000000000097fa       0x72 contiki-sky.a(tcpip.o)
                0x00000000000097fa                tcpip_uipcall
 .text.uip_debug_ipaddr_print
                0x000000000000986c       0x7c contiki-sky.a(uip-debug.o)
                0x000000000000986c                uip_debug_ipaddr_print
 .text.rpl_get_mode
                0x00000000000098e8        0x6 contiki-sky.a(rpl.o)
                0x00000000000098e8                rpl_get_mode
 .text.rpl_purge_routes
                0x00000000000098ee       0x96 contiki-sky.a(rpl.o)
                0x00000000000098ee                rpl_purge_routes
 .text.rpl_remove_routes
                0x0000000000009984       0x22 contiki-sky.a(rpl.o)
                0x0000000000009984                rpl_remove_routes
 .text.rpl_remove_routes_by_nexthop
                0x00000000000099a6       0x46 contiki-sky.a(rpl.o)
                0x00000000000099a6                rpl_remove_routes_by_nexthop
 .text.rpl_add_route
                0x00000000000099ec       0x44 contiki-sky.a(rpl.o)
                0x00000000000099ec                rpl_add_route
 .text.rpl_link_neighbor_callback
                0x0000000000009a30       0x6a contiki-sky.a(rpl.o)
                0x0000000000009a30                rpl_link_neighbor_callback
 .text.rpl_ipv6_neighbor_callback
                0x0000000000009a9a       0x1e contiki-sky.a(rpl.o)
                0x0000000000009a9a                rpl_ipv6_neighbor_callback
 .text.rpl_init
                0x0000000000009ab8       0x4a contiki-sky.a(rpl.o)
                0x0000000000009ab8                rpl_init
 .text.lollipop_greater_than
                0x0000000000009b02       0x44 contiki-sky.a(rpl-dag.o)
 .text.acceptable_rank
                0x0000000000009b46       0x50 contiki-sky.a(rpl-dag.o)
 .text.find_parent_any_dag_any_instance
                0x0000000000009b96       0x14 contiki-sky.a(rpl-dag.o)
 .text.rpl_set_preferred_parent
                0x0000000000009baa       0x30 contiki-sky.a(rpl-dag.o)
 .text.set_ip_from_prefix
                0x0000000000009bda       0x38 contiki-sky.a(rpl-dag.o)
 .text.check_prefix
                0x0000000000009c12       0x80 contiki-sky.a(rpl-dag.o)
 .text.rpl_get_nbr
                0x0000000000009c92       0x1e contiki-sky.a(rpl-dag.o)
                0x0000000000009c92                rpl_get_nbr
 .text.rpl_dag_init
                0x0000000000009cb0        0xe contiki-sky.a(rpl-dag.o)
                0x0000000000009cb0                rpl_dag_init
 .text.rpl_get_parent
                0x0000000000009cbe        0xc contiki-sky.a(rpl-dag.o)
                0x0000000000009cbe                rpl_get_parent
 .text.rpl_get_parent_ipaddr
                0x0000000000009cca       0x10 contiki-sky.a(rpl-dag.o)
                0x0000000000009cca                rpl_get_parent_ipaddr
 .text.rpl_set_prefix
                0x0000000000009cda       0x8e contiki-sky.a(rpl-dag.o)
                0x0000000000009cda                rpl_set_prefix
 .text.rpl_set_default_route
                0x0000000000009d68       0x5a contiki-sky.a(rpl-dag.o)
                0x0000000000009d68                rpl_set_default_route
 .text.rpl_alloc_instance
                0x0000000000009dc2       0x2c contiki-sky.a(rpl-dag.o)
                0x0000000000009dc2                rpl_alloc_instance
 .text.rpl_add_parent
                0x0000000000009dee       0x56 contiki-sky.a(rpl-dag.o)
                0x0000000000009dee                rpl_add_parent
 .text.rpl_find_parent
                0x0000000000009e44       0x1a contiki-sky.a(rpl-dag.o)
                0x0000000000009e44                rpl_find_parent
 .text.rpl_find_parent_any_dag
                0x0000000000009e5e       0x22 contiki-sky.a(rpl-dag.o)
                0x0000000000009e5e                rpl_find_parent_any_dag
 .text.rpl_select_parent
                0x0000000000009e80       0x62 contiki-sky.a(rpl-dag.o)
                0x0000000000009e80                rpl_select_parent
 .text.rpl_select_dag
                0x0000000000009ee2      0x182 contiki-sky.a(rpl-dag.o)
                0x0000000000009ee2                rpl_select_dag
 .text.rpl_nullify_parent
                0x000000000000a064       0x4e contiki-sky.a(rpl-dag.o)
                0x000000000000a064                rpl_nullify_parent
 .text.rpl_remove_parent
                0x000000000000a0b2       0x16 contiki-sky.a(rpl-dag.o)
                0x000000000000a0b2                rpl_remove_parent
 .text.nbr_callback
                0x000000000000a0c8        0x6 contiki-sky.a(rpl-dag.o)
 .text.remove_parents.constprop.2
                0x000000000000a0ce       0x32 contiki-sky.a(rpl-dag.o)
 .text.rpl_free_dag
                0x000000000000a100       0x36 contiki-sky.a(rpl-dag.o)
                0x000000000000a100                rpl_free_dag
 .text.rpl_free_instance
                0x000000000000a136       0x66 contiki-sky.a(rpl-dag.o)
                0x000000000000a136                rpl_free_instance
 .text.rpl_move_parent
                0x000000000000a19c       0x5a contiki-sky.a(rpl-dag.o)
                0x000000000000a19c                rpl_move_parent
 .text.rpl_get_any_dag
                0x000000000000a1f6       0x18 contiki-sky.a(rpl-dag.o)
                0x000000000000a1f6                rpl_get_any_dag
 .text.rpl_get_instance
                0x000000000000a20e       0x1a contiki-sky.a(rpl-dag.o)
                0x000000000000a20e                rpl_get_instance
 .text.get_dag  0x000000000000a228       0x56 contiki-sky.a(rpl-dag.o)
 .text.rpl_alloc_dag
                0x000000000000a27e       0x66 contiki-sky.a(rpl-dag.o)
                0x000000000000a27e                rpl_alloc_dag
 .text.rpl_repair_root
                0x000000000000a2e4       0x50 contiki-sky.a(rpl-dag.o)
                0x000000000000a2e4                rpl_repair_root
 .text.rpl_find_of
                0x000000000000a334       0x10 contiki-sky.a(rpl-dag.o)
                0x000000000000a334                rpl_find_of
 .text.rpl_join_instance
                0x000000000000a344      0x13c contiki-sky.a(rpl-dag.o)
                0x000000000000a344                rpl_join_instance
 .text.rpl_local_repair
                0x000000000000a480       0x7c contiki-sky.a(rpl-dag.o)
                0x000000000000a480                rpl_local_repair
 .text.rpl_process_parent_event
                0x000000000000a4fc       0x4e contiki-sky.a(rpl-dag.o)
                0x000000000000a4fc                rpl_process_parent_event
 .text.rpl_recalculate_ranks
                0x000000000000a54a       0x48 contiki-sky.a(rpl-dag.o)
                0x000000000000a54a                rpl_recalculate_ranks
 .text.rpl_add_dag
                0x000000000000a592      0x112 contiki-sky.a(rpl-dag.o)
                0x000000000000a592                rpl_add_dag
 .text.rpl_process_dio
                0x000000000000a6a4      0x2b2 contiki-sky.a(rpl-dag.o)
                0x000000000000a6a4                rpl_process_dio
 .text.rpl_lock_parent
                0x000000000000a956        0xc contiki-sky.a(rpl-dag.o)
                0x000000000000a956                rpl_lock_parent
 .text.rpl_verify_header
                0x000000000000a962       0xba contiki-sky.a(rpl-ext-header.)
                0x000000000000a962                rpl_verify_header
 .text.rpl_update_header_empty
                0x000000000000aa1c      0x126 contiki-sky.a(rpl-ext-header.)
                0x000000000000aa1c                rpl_update_header_empty
 .text.rpl_update_header_final
                0x000000000000ab42       0x94 contiki-sky.a(rpl-ext-header.)
                0x000000000000ab42                rpl_update_header_final
 .text.rpl_invert_header
                0x000000000000abd6       0x7a contiki-sky.a(rpl-ext-header.)
                0x000000000000abd6                rpl_invert_header
 .text.rpl_insert_header
                0x000000000000ac50       0x12 contiki-sky.a(rpl-ext-header.)
                0x000000000000ac50                rpl_insert_header
 .text.get32    0x000000000000ac62       0x46 contiki-sky.a(rpl-icmp6.o)
 .text.set32    0x000000000000aca8       0x2a contiki-sky.a(rpl-icmp6.o)
 .text.get16    0x000000000000acd2        0xe contiki-sky.a(rpl-icmp6.o)
 .text.set16    0x000000000000ace0       0x10 contiki-sky.a(rpl-icmp6.o)
 .text.dao_ack_input
                0x000000000000acf0        0x6 contiki-sky.a(rpl-icmp6.o)
 .text.dio_input
                0x000000000000acf6      0x2d2 contiki-sky.a(rpl-icmp6.o)
 .text.dis_output
                0x000000000000afc8       0x50 contiki-sky.a(rpl-icmp6.o)
                0x000000000000afc8                dis_output
 .text.dio_output
                0x000000000000b018      0x264 contiki-sky.a(rpl-icmp6.o)
                0x000000000000b018                dio_output
 .text.dis_input
                0x000000000000b27c       0x28 contiki-sky.a(rpl-icmp6.o)
 .text.dao_output_target
                0x000000000000b2a4       0xea contiki-sky.a(rpl-icmp6.o)
                0x000000000000b2a4                dao_output_target
 .text.dao_output
                0x000000000000b38e       0x80 contiki-sky.a(rpl-icmp6.o)
                0x000000000000b38e                dao_output
 .text.dao_ack_output
                0x000000000000b40e       0x32 contiki-sky.a(rpl-icmp6.o)
                0x000000000000b40e                dao_ack_output
 .text.dao_input
                0x000000000000b440      0x2a8 contiki-sky.a(rpl-icmp6.o)
 .text.rpl_icmp6_register_handlers
                0x000000000000b6e8       0x22 contiki-sky.a(rpl-icmp6.o)
                0x000000000000b6e8                rpl_icmp6_register_handlers
 .text.reset    0x000000000000b70a        0x2 contiki-sky.a(rpl-mrhof.o)
 .text.update_metric_container
                0x000000000000b70c        0x6 contiki-sky.a(rpl-mrhof.o)
 .text.calculate_rank
                0x000000000000b712       0x3e contiki-sky.a(rpl-mrhof.o)
 .text.best_parent
                0x000000000000b750       0x74 contiki-sky.a(rpl-mrhof.o)
 .text.neighbor_link_callback
                0x000000000000b7c4       0xa2 contiki-sky.a(rpl-mrhof.o)
 .text.best_dag
                0x000000000000b866       0x34 contiki-sky.a(rpl-mrhof.o)
 .text.new_dio_interval
                0x000000000000b89a       0x92 contiki-sky.a(rpl-timers.o)
 .text.handle_periodic_timer
                0x000000000000b92c       0x2e contiki-sky.a(rpl-timers.o)
 .text.set_dao_lifetime_timer
                0x000000000000b95a       0x52 contiki-sky.a(rpl-timers.o)
 .text.schedule_dao
                0x000000000000b9ac       0x82 contiki-sky.a(rpl-timers.o)
 .text.handle_dao_timer
                0x000000000000ba2e       0x64 contiki-sky.a(rpl-timers.o)
 .text.handle_dio_timer
                0x000000000000ba92       0x88 contiki-sky.a(rpl-timers.o)
 .text.rpl_reset_periodic_timer
                0x000000000000bb1a       0x60 contiki-sky.a(rpl-timers.o)
                0x000000000000bb1a                rpl_reset_periodic_timer
 .text.rpl_reset_dio_timer
                0x000000000000bb7a       0x18 contiki-sky.a(rpl-timers.o)
                0x000000000000bb7a                rpl_reset_dio_timer
 .text.rpl_schedule_dao
                0x000000000000bb92        0xc contiki-sky.a(rpl-timers.o)
                0x000000000000bb92                rpl_schedule_dao
 .text.input_packet
                0x000000000000bb9e        0x6 contiki-sky.a(csma.o)
 .text.on       0x000000000000bba4        0x6 contiki-sky.a(csma.o)
 .text.off      0x000000000000bbaa        0x6 contiki-sky.a(csma.o)
 .text.channel_check_interval
                0x000000000000bbb0       0x10 contiki-sky.a(csma.o)
 .text.transmit_packet_list
                0x000000000000bbc0       0x24 contiki-sky.a(csma.o)
 .text.send_packet
                0x000000000000bbe4      0x186 contiki-sky.a(csma.o)
 .text.init     0x000000000000bd6a       0x1a contiki-sky.a(csma.o)
 .text.free_packet
                0x000000000000bd84       0x9c contiki-sky.a(csma.o)
 .text.packet_sent
                0x000000000000be20      0x130 contiki-sky.a(csma.o)
 .text.parse    0x000000000000bf50       0xa0 contiki-sky.a(framer-802154.o)
 .text.create_frame.isra.0
                0x000000000000bff0      0x108 contiki-sky.a(framer-802154.o)
 .text.create   0x000000000000c0f8        0x8 contiki-sky.a(framer-802154.o)
 .text.hdr_length
                0x000000000000c100        0x8 contiki-sky.a(framer-802154.o)
 .text.framer_canonical_create_and_secure
                0x000000000000c108       0x20 contiki-sky.a(framer.o)
                0x000000000000c108                framer_canonical_create_and_secure
 .text.mac_call_sent_callback
                0x000000000000c128       0x14 contiki-sky.a(mac.o)
                0x000000000000c128                mac_call_sent_callback
 .text.linkaddr_copy
                0x000000000000c13c        0x8 contiki-sky.a(linkaddr.o)
                0x000000000000c13c                linkaddr_copy
 .text.linkaddr_cmp
                0x000000000000c144       0x12 contiki-sky.a(linkaddr.o)
                0x000000000000c144                linkaddr_cmp
 .text.linkaddr_set_node_addr
                0x000000000000c156        0xc contiki-sky.a(linkaddr.o)
                0x000000000000c156                linkaddr_set_node_addr
 .text.index_from_key
                0x000000000000c162       0x48 contiki-sky.a(nbr-table.o)
 .text.item_from_key
                0x000000000000c1aa       0x34 contiki-sky.a(nbr-table.o)
 .text.nbr_set_bit
                0x000000000000c1de       0x8e contiki-sky.a(nbr-table.o)
 .text.index_from_lladdr
                0x000000000000c26c       0x42 contiki-sky.a(nbr-table.o)
 .text.nbr_get_bit.constprop.0
                0x000000000000c2ae       0x62 contiki-sky.a(nbr-table.o)
 .text.nbr_table_register
                0x000000000000c310       0x28 contiki-sky.a(nbr-table.o)
                0x000000000000c310                nbr_table_register
 .text.nbr_table_next
                0x000000000000c338       0x90 contiki-sky.a(nbr-table.o)
                0x000000000000c338                nbr_table_next
 .text.nbr_table_head
                0x000000000000c3c8       0x36 contiki-sky.a(nbr-table.o)
                0x000000000000c3c8                nbr_table_head
 .text.nbr_table_add_lladdr
                0x000000000000c3fe      0x144 contiki-sky.a(nbr-table.o)
                0x000000000000c3fe                nbr_table_add_lladdr
 .text.nbr_table_get_from_lladdr
                0x000000000000c542       0x48 contiki-sky.a(nbr-table.o)
                0x000000000000c542                nbr_table_get_from_lladdr
 .text.nbr_table_remove
                0x000000000000c58a       0x32 contiki-sky.a(nbr-table.o)
                0x000000000000c58a                nbr_table_remove
 .text.nbr_table_lock
                0x000000000000c5bc       0x10 contiki-sky.a(nbr-table.o)
                0x000000000000c5bc                nbr_table_lock
 .text.nbr_table_unlock
                0x000000000000c5cc       0x10 contiki-sky.a(nbr-table.o)
                0x000000000000c5cc                nbr_table_unlock
 .text.nbr_table_get_lladdr
                0x000000000000c5dc       0x5a contiki-sky.a(nbr-table.o)
                0x000000000000c5dc                nbr_table_get_lladdr
 .text.packetbuf_copyto_hdr
                0x000000000000c636       0x1c contiki-sky.a(packetbuf.o)
                0x000000000000c636                packetbuf_copyto_hdr
 .text.packetbuf_copyto
                0x000000000000c652       0x52 contiki-sky.a(packetbuf.o)
                0x000000000000c652                packetbuf_copyto
 .text.packetbuf_hdrreduce
                0x000000000000c6a4       0x1a contiki-sky.a(packetbuf.o)
                0x000000000000c6a4                packetbuf_hdrreduce
 .text.packetbuf_set_datalen
                0x000000000000c6be        0x6 contiki-sky.a(packetbuf.o)
                0x000000000000c6be                packetbuf_set_datalen
 .text.packetbuf_dataptr
                0x000000000000c6c4        0xe contiki-sky.a(packetbuf.o)
                0x000000000000c6c4                packetbuf_dataptr
 .text.packetbuf_hdrptr
                0x000000000000c6d2        0xa contiki-sky.a(packetbuf.o)
                0x000000000000c6d2                packetbuf_hdrptr
 .text.packetbuf_is_reference
                0x000000000000c6dc        0xe contiki-sky.a(packetbuf.o)
                0x000000000000c6dc                packetbuf_is_reference
 .text.packetbuf_compact
                0x000000000000c6ea       0x48 contiki-sky.a(packetbuf.o)
                0x000000000000c6ea                packetbuf_compact
 .text.packetbuf_reference_ptr
                0x000000000000c732        0x6 contiki-sky.a(packetbuf.o)
                0x000000000000c732                packetbuf_reference_ptr
 .text.packetbuf_datalen
                0x000000000000c738        0x6 contiki-sky.a(packetbuf.o)
                0x000000000000c738                packetbuf_datalen
 .text.packetbuf_hdrlen
                0x000000000000c73e       0x10 contiki-sky.a(packetbuf.o)
                0x000000000000c73e                packetbuf_hdrlen
 .text.packetbuf_totlen
                0x000000000000c74e        0xc contiki-sky.a(packetbuf.o)
                0x000000000000c74e                packetbuf_totlen
 .text.packetbuf_hdralloc
                0x000000000000c75a       0x2e contiki-sky.a(packetbuf.o)
                0x000000000000c75a                packetbuf_hdralloc
 .text.packetbuf_attr_clear
                0x000000000000c788       0x28 contiki-sky.a(packetbuf.o)
                0x000000000000c788                packetbuf_attr_clear
 .text.packetbuf_clear
                0x000000000000c7b0       0x1a contiki-sky.a(packetbuf.o)
                0x000000000000c7b0                packetbuf_clear
 .text.packetbuf_copyfrom
                0x000000000000c7ca       0x2e contiki-sky.a(packetbuf.o)
                0x000000000000c7ca                packetbuf_copyfrom
 .text.packetbuf_attr_copyto
                0x000000000000c7f8       0x22 contiki-sky.a(packetbuf.o)
                0x000000000000c7f8                packetbuf_attr_copyto
 .text.packetbuf_attr_copyfrom
                0x000000000000c81a       0x24 contiki-sky.a(packetbuf.o)
                0x000000000000c81a                packetbuf_attr_copyfrom
 .text.packetbuf_holds_broadcast
                0x000000000000c83e        0xe contiki-sky.a(packetbuf.o)
                0x000000000000c83e                packetbuf_holds_broadcast
 .text.queuebuf_init
                0x000000000000c84c       0x1a contiki-sky.a(queuebuf.o)
                0x000000000000c84c                queuebuf_init
 .text.queuebuf_numfree
                0x000000000000c866       0x1c contiki-sky.a(queuebuf.o)
                0x000000000000c866                queuebuf_numfree
 .text.queuebuf_new_from_packetbuf
                0x000000000000c882       0x88 contiki-sky.a(queuebuf.o)
                0x000000000000c882                queuebuf_new_from_packetbuf
 .text.queuebuf_update_attr_from_packetbuf
                0x000000000000c90a       0x12 contiki-sky.a(queuebuf.o)
                0x000000000000c90a                queuebuf_update_attr_from_packetbuf
 .text.queuebuf_update_from_packetbuf
                0x000000000000c91c       0x22 contiki-sky.a(queuebuf.o)
                0x000000000000c91c                queuebuf_update_from_packetbuf
 .text.queuebuf_free
                0x000000000000c93e       0x40 contiki-sky.a(queuebuf.o)
                0x000000000000c93e                queuebuf_free
 .text.queuebuf_to_packetbuf
                0x000000000000c97e       0x6e contiki-sky.a(queuebuf.o)
                0x000000000000c97e                queuebuf_to_packetbuf
 .text.queuebuf_attr
                0x000000000000c9ec        0xe contiki-sky.a(queuebuf.o)
                0x000000000000c9ec                queuebuf_attr
 .text.duty_cycle
                0x000000000000c9fa        0x6 contiki-sky.a(contikimac.o)
 .text.init     0x000000000000ca00       0x2a contiki-sky.a(contikimac.o)
 .text.on       0x000000000000ca2a       0x1a contiki-sky.a(contikimac.o)
 .text.off      0x000000000000ca44       0x22 contiki-sky.a(contikimac.o)
 .text.recv_burst_off
                0x000000000000ca66        0xa contiki-sky.a(contikimac.o)
 .text.turn_off
                0x000000000000ca70       0x20 contiki-sky.a(contikimac.o)
 .text.turn_on  0x000000000000ca90       0x30 contiki-sky.a(contikimac.o)
 .text.schedule_powercycle_fixed.part.4
                0x000000000000cac0       0x36 contiki-sky.a(contikimac.o)
 .text.powercycle_turn_radio_off
                0x000000000000caf6       0x30 contiki-sky.a(contikimac.o)
 .text.powercycle
                0x000000000000cb26      0x1da contiki-sky.a(contikimac.o)
 .text.input_packet
                0x000000000000cd00       0x9e contiki-sky.a(contikimac.o)
 .text.send_packet.isra.7
                0x000000000000cd9e      0x1f0 contiki-sky.a(contikimac.o)
 .text.qsend_list
                0x000000000000cf8e       0xc4 contiki-sky.a(contikimac.o)
 .text.qsend_packet
                0x000000000000d052       0x28 contiki-sky.a(contikimac.o)
 .text.bootstrap
                0x000000000000d07a        0x4 contiki-sky.a(nullsec.o)
 .text.send     0x000000000000d07e        0xa contiki-sky.a(nullsec.o)
 .text.on_frame_created
                0x000000000000d088        0x4 contiki-sky.a(nullsec.o)
 .text.input    0x000000000000d08c        0x6 contiki-sky.a(nullsec.o)
 .text.get_overhead
                0x000000000000d092        0x4 contiki-sky.a(nullsec.o)
 .text.spi_init
                0x000000000000d096       0x32 contiki-sky.a(spi.o)
                0x000000000000d096                spi_init
 .text.compower_accumulate
                0x000000000000d0c8       0x72 contiki-sky.a(compower.o)
                0x000000000000d0c8                compower_accumulate
 .text.compower_clear
                0x000000000000d13a       0x12 contiki-sky.a(compower.o)
                0x000000000000d13a                compower_clear
 .text.compower_attrconv
                0x000000000000d14c       0x10 contiki-sky.a(compower.o)
                0x000000000000d14c                compower_attrconv
 .text.stimer_set
                0x000000000000d15c       0x1c contiki-sky.a(stimer.o)
                0x000000000000d15c                stimer_set
 .text.stimer_expired
                0x000000000000d178       0x30 contiki-sky.a(stimer.o)
                0x000000000000d178                stimer_expired
 .text.memb_init
                0x000000000000d1a8       0x36 contiki-sky.a(memb.o)
                0x000000000000d1a8                memb_init
 .text.memb_alloc
                0x000000000000d1de       0x3e contiki-sky.a(memb.o)
                0x000000000000d1de                memb_alloc
 .text.memb_free
                0x000000000000d21c       0x3a contiki-sky.a(memb.o)
                0x000000000000d21c                memb_free
 .text.memb_inmemb
                0x000000000000d256       0x2e contiki-sky.a(memb.o)
                0x000000000000d256                memb_inmemb
 .text.memb_numfree
                0x000000000000d284       0x26 contiki-sky.a(memb.o)
                0x000000000000d284                memb_numfree
 .text.field_len
                0x000000000000d2aa       0x98 contiki-sky.a(frame802154.o)
 .text.frame802154_hdrlen
                0x000000000000d342       0x2e contiki-sky.a(frame802154.o)
                0x000000000000d342                frame802154_hdrlen
 .text.frame802154_create
                0x000000000000d370      0x146 contiki-sky.a(frame802154.o)
                0x000000000000d370                frame802154_create
 .text.frame802154_parse
                0x000000000000d4b6      0x1da contiki-sky.a(frame802154.o)
                0x000000000000d4b6                frame802154_parse
 .text.mac_sequence_is_duplicate
                0x000000000000d690       0x44 contiki-sky.a(mac-sequence.o)
                0x000000000000d690                mac_sequence_is_duplicate
 .text.mac_sequence_register_seqno
                0x000000000000d6d4       0x76 contiki-sky.a(mac-sequence.o)
                0x000000000000d6d4                mac_sequence_register_seqno
 .text.libgcc   0x000000000000d74a       0x2c /usr/lib/gcc/msp430/4.6.3/mmpy-16/libgcc.a(_mulsi3.o)
                0x000000000000d74a                __mulsi3
 .text.libgcc   0x000000000000d776       0x22 /usr/lib/gcc/msp430/4.6.3/mmpy-16/libgcc.a(_udivmod16.o)
                0x000000000000d776                __udivhi3
                0x000000000000d776                __ext_udivmod16
                0x000000000000d790                __umodhi3
 .text.libgcc   0x000000000000d798       0x3a /usr/lib/gcc/msp430/4.6.3/mmpy-16/libgcc.a(_divmod16.o)
                0x000000000000d798                __ext_divmod16
                0x000000000000d798                __divhi3
                0x000000000000d7ca                __modhi3
 .text.libgcc   0x000000000000d7d2       0x40 /usr/lib/gcc/msp430/4.6.3/mmpy-16/libgcc.a(_udivmod32.o)
                0x000000000000d7d2                __udivsi3
                0x000000000000d7d2                __ext_udivmod32
                0x000000000000d808                __umodsi3
 .text          0x000000000000d812       0x20 /usr/lib/gcc/msp430/4.6.3/../../../../msp430/lib/mmpy-16/libc.a(memcmp.o)
                0x000000000000d812                memcmp
 .text          0x000000000000d832       0xfa /usr/lib/gcc/msp430/4.6.3/../../../../msp430/lib/mmpy-16/libc.a(memcpy.o)
                0x000000000000d832                memcpy
 .text          0x000000000000d92c       0xfa /usr/lib/gcc/msp430/4.6.3/../../../../msp430/lib/mmpy-16/libc.a(memmove.o)
                0x000000000000d92c                memmove
 .text          0x000000000000da26       0x6a /usr/lib/gcc/msp430/4.6.3/../../../../msp430/lib/mmpy-16/libc.a(memset.o)
                0x000000000000da26                memset
 .text          0x000000000000da90       0x1e /usr/lib/gcc/msp430/4.6.3/../../../../msp430/lib/mmpy-16/libc.a(printf.o)
                0x000000000000da90                printf
                0x000000000000daa0                vprintf
 .text          0x000000000000daae      0x836 /usr/lib/gcc/msp430/4.6.3/../../../../msp430/lib/mmpy-16/libc.a(vuprintf.o)
                0x000000000000dc46                vuprintf
 .text          0x000000000000e2e4       0x2c /usr/lib/gcc/msp430/4.6.3/../../../../msp430/lib/mmpy-16/libc.a(puts.o)
                0x000000000000e2e4                puts
 .text          0x000000000000e310       0x54 /usr/lib/gcc/msp430/4.6.3/../../../../msp430/lib/mmpy-16/libc.a(rand.o)
                0x000000000000e310                rand_r
                0x000000000000e334                rand
                0x000000000000e35a                srand
 .text.libgcc   0x000000000000e364       0xf0 /usr/lib/gcc/msp430/4.6.3/mmpy-16/libgcc.a(_udivmod64.o)
                0x000000000000e364                __xabi_udivmod64
                0x000000000000e3c2                __udivdi3
                0x000000000000e3e8                __umoddi3
                0x000000000000e416                __udivmoddi4
 .text.crt0     0x000000000000e454        0x2 /usr/lib/gcc/msp430/4.6.3/mmpy-16/libcrt0.a(_unexpected_.o)
                0x000000000000e454                _unexpected_
                0x000000000000e456                . = ALIGN (0x2)

.rodata         0x000000000000e456      0x2ac
                0x000000000000e456                . = ALIGN (0x2)
 *(.rodata .rodata.* .gnu.linkonce.r.*)
 .rodata        0x000000000000e456       0x26 hello-world.co
                0x000000000000e464                autostart_processes
 .rodata        0x000000000000e47c      0x12e obj_sky/contiki-sky-main.o
 .rodata        0x000000000000e5aa       0x10 contiki-sky.a(button-sensor.o)
                0x000000000000e5b2                button_sensor
 .rodata        0x000000000000e5ba        0x8 contiki-sky.a(sensors.o)
 .rodata        0x000000000000e5c2       0x5a contiki-sky.a(cc2420.o)
                0x000000000000e5de                cc2420_aes_128_driver
                0x000000000000e5e2                cc2420_driver
 .rodata        0x000000000000e61c        0xf contiki-sky.a(ctimer.o)
 .rodata        0x000000000000e62b        0xc contiki-sky.a(etimer.o)
 *fill*         0x000000000000e637        0x1 00
 .rodata        0x000000000000e638       0x24 contiki-sky.a(sicslowpan.o)
                0x000000000000e644                sicslowpan_driver
                0x000000000000e64a                llprefix
                0x000000000000e64c                unc_mxconf
                0x000000000000e650                unc_ctxconf
                0x000000000000e654                unc_llconf
 .rodata        0x000000000000e65c       0x20 contiki-sky.a(uip6.o)
 .rodata        0x000000000000e67c        0xd contiki-sky.a(tcpip.o)
 .rodata        0x000000000000e689       0x1a contiki-sky.a(uip-debug.o)
 *fill*         0x000000000000e6a3        0x1 00
 .rodata        0x000000000000e6a4       0x14 contiki-sky.a(csma.o)
                0x000000000000e6aa                csma_driver
 .rodata        0x000000000000e6b8        0x8 contiki-sky.a(framer-802154.o)
                0x000000000000e6b8                framer_802154
 .rodata        0x000000000000e6c0        0x8 contiki-sky.a(linkaddr.o)
                0x000000000000e6c0                linkaddr_null
 .rodata        0x000000000000e6c8       0x1c contiki-sky.a(contikimac.o)
                0x000000000000e6d4                contikimac_driver
 .rodata        0x000000000000e6e4       0x14 contiki-sky.a(nullsec.o)
                0x000000000000e6ec                nullsec_driver
 .rodata        0x000000000000e6f8        0x2 contiki-sky.a(frame802154.o)
 .rodata        0x000000000000e6fa        0x7 /usr/lib/gcc/msp430/4.6.3/../../../../msp430/lib/mmpy-16/libc.a(vuprintf.o)
                0x000000000000e702                . = ALIGN (0x2)
 *fill*         0x000000000000e701        0x1 00
                0x000000000000e702                _etext = .

.data           0x0000000000001100       0xe4 load address 0x000000000000e702
                0x0000000000001100                . = ALIGN (0x2)
                0x0000000000001100                PROVIDE (__data_start, .)
 *(.data .data.* .gnu.linkonce.d.*)
 .data          0x0000000000001100        0xa hello-world.co
                0x0000000000001100                hello_world_process
 .data          0x000000000000110a        0x4 contiki-sky.a(contiki-sky-pla)
                0x000000000000110a                sensors
 .data          0x000000000000110e        0xa contiki-sky.a(sensors.o)
                0x000000000000110e                sensors_process
 .data          0x0000000000001118        0xa contiki-sky.a(cc2420.o)
                0x0000000000001118                cc2420_process
 .data          0x0000000000001122        0x2 contiki-sky.a(msp430.o)
 .data          0x0000000000001124        0xa contiki-sky.a(ctimer.o)
                0x0000000000001124                ctimer_process
 .data          0x000000000000112e        0xa contiki-sky.a(etimer.o)
                0x000000000000112e                etimer_process
 .data          0x0000000000001138        0xa contiki-sky.a(uip-ds6-nbr.o)
                0x0000000000001138                ds6_neighbors
 .data          0x0000000000001142       0x20 contiki-sky.a(uip-ds6-route.o)
 .data          0x0000000000001162        0xc contiki-sky.a(uip-icmp6.o)
 .data          0x000000000000116e        0xa contiki-sky.a(tcpip.o)
                0x000000000000116e                tcpip_process
 .data          0x0000000000001178        0x8 contiki-sky.a(rpl-dag.o)
 .data          0x0000000000001180       0x1a contiki-sky.a(rpl-icmp6.o)
 .data          0x000000000000119a        0xe contiki-sky.a(rpl-mrhof.o)
                0x000000000000119a                rpl_mrhof
 .data          0x00000000000011a8       0x18 contiki-sky.a(csma.o)
 .data          0x00000000000011c0        0x8 contiki-sky.a(nbr-table.o)
 .data          0x00000000000011c8       0x18 contiki-sky.a(queuebuf.o)
 .data          0x00000000000011e0        0x4 /usr/lib/gcc/msp430/4.6.3/../../../../msp430/lib/mmpy-16/libc.a(rand.o)
                0x00000000000011e4                . = ALIGN (0x2)
                0x00000000000011e4                _edata = .
                0x000000000000e702                PROVIDE (__data_load_start, LOADADDR (.data))
                0x00000000000000e4                PROVIDE (__data_size, SIZEOF (.data))

.bss            0x00000000000011e4     0x1964 load address 0x000000000000e7e6
                0x00000000000011e4                PROVIDE (__bss_start, .)
 *(.bss .bss.*)
 .bss           0x00000000000011e4        0xc obj_sky/contiki-sky-main.o
 .bss           0x00000000000011f0        0x8 contiki-sky.a(button-sensor.o)
 .bss           0x00000000000011f8        0x2 contiki-sky.a(node-id.o)
                0x00000000000011f8                node_id
 .bss           0x00000000000011fa        0x6 contiki-sky.a(sensors.o)
 .bss           0x0000000000001200        0x8 contiki-sky.a(cc2420.o)
 .bss           0x0000000000001208       0x9a contiki-sky.a(uart1.o)
 .bss           0x00000000000012a2        0xa contiki-sky.a(clock.o)
 .bss           0x00000000000012ac        0x1 contiki-sky.a(leds.o)
 *fill*         0x00000000000012ad        0x1 00
 .bss           0x00000000000012ae        0x2 contiki-sky.a(watchdog.o)
 .bss           0x00000000000012b0        0x4 contiki-sky.a(ctimer.o)
 .bss           0x00000000000012b4        0x6 contiki-sky.a(etimer.o)
 .bss           0x00000000000012ba       0x42 contiki-sky.a(process.o)
                0x00000000000012ba                process_current
                0x00000000000012bc                process_list
 .bss           0x00000000000012fc        0x2 contiki-sky.a(rtimer.o)
 .bss           0x00000000000012fe      0x124 contiki-sky.a(sicslowpan.o)
 .bss           0x0000000000001422       0x12 contiki-sky.a(uip6.o)
                0x0000000000001422                uip_ext_opt_offset
                0x0000000000001424                uip_ext_len
                0x0000000000001426                uip_ext_bitmap
 .bss           0x0000000000001434       0x18 contiki-sky.a(uip-ds6.o)
 .bss           0x000000000000144c      0x2f8 contiki-sky.a(uip-ds6-nbr.o)
 .bss           0x0000000000001744      0x362 contiki-sky.a(uip-ds6-route.o)
 .bss           0x0000000000001aa6       0x14 contiki-sky.a(uip-icmp6.o)
 .bss           0x0000000000001aba       0x36 contiki-sky.a(tcpip.o)
 .bss           0x0000000000001af0        0x2 contiki-sky.a(rpl.o)
 .bss           0x0000000000001af2       0xa0 contiki-sky.a(rpl-dag.o)
 .bss           0x0000000000001b92       0x18 contiki-sky.a(rpl-timers.o)
 .bss           0x0000000000001baa       0xc4 contiki-sky.a(csma.o)
 .bss           0x0000000000001c6e        0x2 contiki-sky.a(framer-802154.o)
 .bss           0x0000000000001c70      0x118 contiki-sky.a(nbr-table.o)
 .bss           0x0000000000001d88       0xb8 contiki-sky.a(packetbuf.o)
 .bss           0x0000000000001e40      0x63e contiki-sky.a(queuebuf.o)
 .bss           0x000000000000247e       0x34 contiki-sky.a(contikimac.o)
 .bss           0x00000000000024b2        0x8 contiki-sky.a(compower.o)
 .bss           0x00000000000024ba       0xa0 contiki-sky.a(mac-sequence.o)
 *(COMMON)
 COMMON         0x000000000000255a        0x2 contiki-sky.a(contiki-sky-pla)
                0x000000000000255a                sensors_flags
 COMMON         0x000000000000255c        0x8 contiki-sky.a(ds2411.o)
                0x000000000000255c                ds2411_id
 COMMON         0x0000000000002564        0x1 contiki-sky.a(sensors.o)
                0x0000000000002564                sensors_event
 *fill*         0x0000000000002565        0x1 00
 COMMON         0x0000000000002566       0x10 contiki-sky.a(cc2420.o)
                0x0000000000002566                cc2420_last_rssi
                0x0000000000002568                cc2420_sfd_start_time
                0x000000000000256a                cc2420_time_of_departure
                0x000000000000256c                cc2420_time_of_arrival
                0x000000000000256e                cc2420_last_correlation
                0x0000000000002570                cc2420_authority_level_of_sender
                0x0000000000002572                cc2420_sfd_counter
                0x0000000000002574                cc2420_sfd_end_time
 COMMON         0x0000000000002576        0x2 contiki-sky.a(msp430.o)
                0x0000000000002576                msp430_dco_required
 COMMON         0x0000000000002578       0x56 contiki-sky.a(energest.o)
                0x0000000000002578                energest_total_time
                0x00000000000025a8                energest_total_count
                0x00000000000025aa                energest_current_mode
                0x00000000000025b6                energest_current_time
 COMMON         0x00000000000025ce        0x1 contiki-sky.a(process.o)
                0x00000000000025ce                process_maxevents
 *fill*         0x00000000000025cf        0x1 00
 COMMON         0x00000000000025d0        0x8 contiki-sky.a(sicslowpan.o)
                0x00000000000025d0                frag_sender
 COMMON         0x00000000000025d8      0x304 contiki-sky.a(uip6.o)
                0x00000000000025d8                uip_len
                0x00000000000025da                uip_sappdata
                0x00000000000025dc                uip_acc32
                0x00000000000025e0                uip_lladdr
                0x00000000000025e8                uip_aligned_buf
                0x00000000000026d8                uip_flags
                0x00000000000026da                uip_next_hdr
                0x00000000000026dc                uip_udp_conn
                0x00000000000026de                uip_appdata
                0x00000000000026e0                uip_conn
                0x00000000000026e2                uip_conns
                0x0000000000002792                uip_listenports
                0x00000000000027a2                uip_slen
                0x00000000000027a4                uip_udp_conns
 COMMON         0x00000000000028dc      0x15c contiki-sky.a(uip-ds6.o)
                0x00000000000028dc                uip_ds6_timer_ra
                0x00000000000028e4                uip_ds6_if
                0x00000000000029d0                uip_ds6_netif_addr_list_offset
                0x00000000000029d1                uip_ds6_addr_size
                0x00000000000029d2                uip_ds6_prefix_list
                0x0000000000002a2c                uip_ds6_timer_periodic
 COMMON         0x0000000000002a38        0x1 contiki-sky.a(tcpip.o)
                0x0000000000002a38                tcpip_event
 *fill*         0x0000000000002a39        0x1 00
 COMMON         0x0000000000002a3a       0xca contiki-sky.a(rpl-dag.o)
                0x0000000000002a3a                default_instance
                0x0000000000002a3c                instance_table
 COMMON         0x0000000000002b04        0x8 contiki-sky.a(linkaddr.o)
                0x0000000000002b04                linkaddr_node_addr
 COMMON         0x0000000000002b0c       0x34 contiki-sky.a(packetbuf.o)
                0x0000000000002b0c                packetbuf_addrs
                0x0000000000002b1c                packetbuf_attrs
 COMMON         0x0000000000002b40        0x8 contiki-sky.a(compower.o)
                0x0000000000002b40                compower_idle_activity
                0x0000000000002b48                . = ALIGN (0x2)
                0x0000000000002b48                PROVIDE (__bss_end, .)
                0x0000000000001964                PROVIDE (__bss_size, SIZEOF (.bss))

.noinit         0x0000000000002b48        0x2 load address 0x000000000000e7e6
                0x0000000000002b48                PROVIDE (__noinit_start, .)
 *(.noinit .noinit.*)
 .noinit.crt0   0x0000000000002b48        0x2 /usr/lib/gcc/msp430/4.6.3/mmpy-16/libcrt0.a(__watchdog_support.o)
                0x0000000000002b48                __wdt_clear_value
                0x0000000000002b4a                . = ALIGN (0x2)
                0x0000000000002b4a                PROVIDE (__noinit_end, .)
                0x0000000000002b4a                . = ALIGN (0x2)
                0x0000000000002b4a                _end = .

.infomem        0x0000000000001000        0x0
 *(.infomem)
                0x0000000000001000                . = ALIGN (0x2)
 *(.infomem.*)

.infomemnobits  0x0000000000001000        0x0
 *(.infomemnobits)
                0x0000000000001000                . = ALIGN (0x2)
 *(.infomemnobits.*)

.infoa
 *(.infoa .infoa.*)

.infob
 *(.infob .infob.*)

.infoc
 *(.infoc .infoc.*)

.infod
 *(.infod .infod.*)

.vectors        0x000000000000ffe0       0x20
                0x000000000000ffe0                PROVIDE (__vectors_start, .)
 *(.vectors*)
 .vectors       0x000000000000ffe0       0x20 /usr/lib/gcc/msp430/4.6.3/mmpy-16/crt0ivtbl16.o
                0x000000000000ffe0                __ivtbl_16
                0x0000000000010000                _vectors_end = .

.fartext        0x0000000000000000        0x0
                0x0000000000000000                . = ALIGN (0x2)
 *(.fartext)
                0x0000000000000000                . = ALIGN (0x2)
 *(.fartext.*)
                0x0000000000000000                _efartext = .

.profiler
 *(.profiler)

.stab
 *(.stab)

.stabstr
 *(.stabstr)

.stab.excl
 *(.stab.excl)

.stab.exclstr
 *(.stab.exclstr)

.stab.index
 *(.stab.index)

.stab.indexstr
 *(.stab.indexstr)

.comment
 *(.comment)

.debug
 *(.debug)

.line
 *(.line)

.debug_srcinfo
 *(.debug_srcinfo)

.debug_sfnames
 *(.debug_sfnames)

.debug_aranges  0x0000000000000000      0x190
 *(.debug_aranges)
 .debug_aranges
                0x0000000000000000       0x14 /usr/lib/gcc/msp430/4.6.3/mmpy-16/libgcc.a(_mulsi3.o)
 .debug_aranges
                0x0000000000000014       0x14 /usr/lib/gcc/msp430/4.6.3/mmpy-16/libgcc.a(_udivmod16.o)
 .debug_aranges
                0x0000000000000028       0x14 /usr/lib/gcc/msp430/4.6.3/mmpy-16/libgcc.a(_divmod16.o)
 .debug_aranges
                0x000000000000003c       0x14 /usr/lib/gcc/msp430/4.6.3/mmpy-16/libgcc.a(_udivmod32.o)
 .debug_aranges
                0x0000000000000050       0x14 /usr/lib/gcc/msp430/4.6.3/../../../../msp430/lib/mmpy-16/libc.a(strncmp.o)
 .debug_aranges
                0x0000000000000064       0x14 /usr/lib/gcc/msp430/4.6.3/../../../../msp430/lib/mmpy-16/libc.a(memcmp.o)
 .debug_aranges
                0x0000000000000078       0x14 /usr/lib/gcc/msp430/4.6.3/../../../../msp430/lib/mmpy-16/libc.a(memcpy.o)
 .debug_aranges
                0x000000000000008c       0x14 /usr/lib/gcc/msp430/4.6.3/../../../../msp430/lib/mmpy-16/libc.a(memmove.o)
 .debug_aranges
                0x00000000000000a0       0x14 /usr/lib/gcc/msp430/4.6.3/../../../../msp430/lib/mmpy-16/libc.a(memset.o)
 .debug_aranges
                0x00000000000000b4       0x14 /usr/lib/gcc/msp430/4.6.3/../../../../msp430/lib/mmpy-16/libc.a(printf.o)
 .debug_aranges
                0x00000000000000c8       0x14 /usr/lib/gcc/msp430/4.6.3/../../../../msp430/lib/mmpy-16/libc.a(vuprintf.o)
 .debug_aranges
                0x00000000000000dc       0x14 /usr/lib/gcc/msp430/4.6.3/../../../../msp430/lib/mmpy-16/libc.a(puts.o)
 .debug_aranges
                0x00000000000000f0       0x14 /usr/lib/gcc/msp430/4.6.3/../../../../msp430/lib/mmpy-16/libc.a(rand.o)
 .debug_aranges
                0x0000000000000104       0x14 /usr/lib/gcc/msp430/4.6.3/mmpy-16/libgcc.a(_udivmod64.o)
 .debug_aranges
                0x0000000000000118       0x14 /usr/lib/gcc/msp430/4.6.3/mmpy-16/libcrt0.a(__watchdog_support.o)
 .debug_aranges
                0x000000000000012c       0x14 /usr/lib/gcc/msp430/4.6.3/mmpy-16/libcrt0.a(__init_stack.o)
 .debug_aranges
                0x0000000000000140       0x14 /usr/lib/gcc/msp430/4.6.3/mmpy-16/libcrt0.a(_copy_data.o)
 .debug_aranges
                0x0000000000000154       0x14 /usr/lib/gcc/msp430/4.6.3/mmpy-16/libcrt0.a(_clear_bss.o)
 .debug_aranges
                0x0000000000000168       0x14 /usr/lib/gcc/msp430/4.6.3/mmpy-16/libcrt0.a(_endless_loop__.o)
 .debug_aranges
                0x000000000000017c       0x14 /usr/lib/gcc/msp430/4.6.3/mmpy-16/libcrt0.a(_unexpected_.o)

.debug_pubnames
 *(.debug_pubnames)

.debug_info     0x0000000000000000     0x1584
 *(.debug_info)
 .debug_info    0x0000000000000000       0xd6 /usr/lib/gcc/msp430/4.6.3/mmpy-16/libgcc.a(_mulsi3.o)
 .debug_info    0x00000000000000d6       0xd6 /usr/lib/gcc/msp430/4.6.3/mmpy-16/libgcc.a(_udivmod16.o)
 .debug_info    0x00000000000001ac       0xd6 /usr/lib/gcc/msp430/4.6.3/mmpy-16/libgcc.a(_divmod16.o)
 .debug_info    0x0000000000000282       0xd6 /usr/lib/gcc/msp430/4.6.3/mmpy-16/libgcc.a(_udivmod32.o)
 .debug_info    0x0000000000000358       0xbb /usr/lib/gcc/msp430/4.6.3/../../../../msp430/lib/mmpy-16/libc.a(strncmp.o)
 .debug_info    0x0000000000000413       0xe8 /usr/lib/gcc/msp430/4.6.3/../../../../msp430/lib/mmpy-16/libc.a(memcmp.o)
 .debug_info    0x00000000000004fb      0x113 /usr/lib/gcc/msp430/4.6.3/../../../../msp430/lib/mmpy-16/libc.a(memcpy.o)
 .debug_info    0x000000000000060e      0x113 /usr/lib/gcc/msp430/4.6.3/../../../../msp430/lib/mmpy-16/libc.a(memmove.o)
 .debug_info    0x0000000000000721       0xfe /usr/lib/gcc/msp430/4.6.3/../../../../msp430/lib/mmpy-16/libc.a(memset.o)
 .debug_info    0x000000000000081f      0x105 /usr/lib/gcc/msp430/4.6.3/../../../../msp430/lib/mmpy-16/libc.a(printf.o)
 .debug_info    0x0000000000000924      0x565 /usr/lib/gcc/msp430/4.6.3/../../../../msp430/lib/mmpy-16/libc.a(vuprintf.o)
 .debug_info    0x0000000000000e89       0x96 /usr/lib/gcc/msp430/4.6.3/../../../../msp430/lib/mmpy-16/libc.a(puts.o)
 .debug_info    0x0000000000000f1f      0x13f /usr/lib/gcc/msp430/4.6.3/../../../../msp430/lib/mmpy-16/libc.a(rand.o)
 .debug_info    0x000000000000105e       0xd6 /usr/lib/gcc/msp430/4.6.3/mmpy-16/libgcc.a(_udivmod64.o)
 .debug_info    0x0000000000001134       0xb8 /usr/lib/gcc/msp430/4.6.3/mmpy-16/libcrt0.a(__watchdog_support.o)
 .debug_info    0x00000000000011ec       0xb8 /usr/lib/gcc/msp430/4.6.3/mmpy-16/libcrt0.a(__init_stack.o)
 .debug_info    0x00000000000012a4       0xb8 /usr/lib/gcc/msp430/4.6.3/mmpy-16/libcrt0.a(_copy_data.o)
 .debug_info    0x000000000000135c       0xb8 /usr/lib/gcc/msp430/4.6.3/mmpy-16/libcrt0.a(_clear_bss.o)
 .debug_info    0x0000000000001414       0xb8 /usr/lib/gcc/msp430/4.6.3/mmpy-16/libcrt0.a(_endless_loop__.o)
 .debug_info    0x00000000000014cc       0xb8 /usr/lib/gcc/msp430/4.6.3/mmpy-16/libcrt0.a(_unexpected_.o)
 *(.gnu.linkonce.wi.*)

.debug_abbrev   0x0000000000000000      0x7cc
 *(.debug_abbrev)
 .debug_abbrev  0x0000000000000000       0x14 /usr/lib/gcc/msp430/4.6.3/mmpy-16/libgcc.a(_mulsi3.o)
 .debug_abbrev  0x0000000000000014       0x14 /usr/lib/gcc/msp430/4.6.3/mmpy-16/libgcc.a(_udivmod16.o)
 .debug_abbrev  0x0000000000000028       0x14 /usr/lib/gcc/msp430/4.6.3/mmpy-16/libgcc.a(_divmod16.o)
 .debug_abbrev  0x000000000000003c       0x14 /usr/lib/gcc/msp430/4.6.3/mmpy-16/libgcc.a(_udivmod32.o)
 .debug_abbrev  0x0000000000000050       0x7c /usr/lib/gcc/msp430/4.6.3/../../../../msp430/lib/mmpy-16/libc.a(strncmp.o)
 .debug_abbrev  0x00000000000000cc       0x9b /usr/lib/gcc/msp430/4.6.3/../../../../msp430/lib/mmpy-16/libc.a(memcmp.o)
 .debug_abbrev  0x0000000000000167       0x97 /usr/lib/gcc/msp430/4.6.3/../../../../msp430/lib/mmpy-16/libc.a(memcpy.o)
 .debug_abbrev  0x00000000000001fe       0x97 /usr/lib/gcc/msp430/4.6.3/../../../../msp430/lib/mmpy-16/libc.a(memmove.o)
 .debug_abbrev  0x0000000000000295       0x9c /usr/lib/gcc/msp430/4.6.3/../../../../msp430/lib/mmpy-16/libc.a(memset.o)
 .debug_abbrev  0x0000000000000331       0xd0 /usr/lib/gcc/msp430/4.6.3/../../../../msp430/lib/mmpy-16/libc.a(printf.o)
 .debug_abbrev  0x0000000000000401      0x1ef /usr/lib/gcc/msp430/4.6.3/../../../../msp430/lib/mmpy-16/libc.a(vuprintf.o)
 .debug_abbrev  0x00000000000005f0       0x60 /usr/lib/gcc/msp430/4.6.3/../../../../msp430/lib/mmpy-16/libc.a(puts.o)
 .debug_abbrev  0x0000000000000650       0xf0 /usr/lib/gcc/msp430/4.6.3/../../../../msp430/lib/mmpy-16/libc.a(rand.o)
 .debug_abbrev  0x0000000000000740       0x14 /usr/lib/gcc/msp430/4.6.3/mmpy-16/libgcc.a(_udivmod64.o)
 .debug_abbrev  0x0000000000000754       0x14 /usr/lib/gcc/msp430/4.6.3/mmpy-16/libcrt0.a(__watchdog_support.o)
 .debug_abbrev  0x0000000000000768       0x14 /usr/lib/gcc/msp430/4.6.3/mmpy-16/libcrt0.a(__init_stack.o)
 .debug_abbrev  0x000000000000077c       0x14 /usr/lib/gcc/msp430/4.6.3/mmpy-16/libcrt0.a(_copy_data.o)